<html>
<body>
<pre>
<h1>礦ision Build Log</h1>
<h2>Project:</h2>
G:\F_data\外包\本科毕业设计制作\2018届\︶﹉梦倾城べ--1913618101-水质检测系统\项目开发\STM32源程序\3.发送TEXT英文短信\USER\Project.uvprojx
Project File Date:  05/12/2018

<h2>Output:</h2>
Build target 'Project'
linking...
Program Size: Code=17132 RO-data=468 RW-data=76 ZI-data=1812  
FromELF: creating hex file...
".\Output\发送TEXT英文短信.axf" - 0 Error(s), 0 Warning(s).
</pre>
</body>
</html>
er used
        u8 i;
main.c(429): warning:  #177-D: variable "j" was declared but never referenced
        u8 j;
main.c: 3 warnings, 0 errors
linking...
Program Size: Code=17132 RO-data=468 RW-data=76 ZI-data=1812  
FromELF: creating hex file...
".\Output\发送TEXT英文短信.axf" - 0 Error(s), 3 Warning(s).
, 0 errors
linking...
Program Size: Code=11632 RO-data=292 RW-data=76 ZI-data=1812  
FromELF: creating hex file...
".\Output\发送TEXT英文短信.axf" - 0 Error(s), 5 Warning(s).
f10x_exti.c...
compiling stm32f10x_gpio.c...
compiling stm32f10x_rcc.c...
compiling stm32f10x_tim.c...
compiling stm32f10x_usart.c...
compiling core_cm3.c...
compiling system_stm32f10x.c...
assembling startup_stm32f10x_md.s...
compiling sys.c...
".\Output\发送TEXT英文短信.axf" - 1 Error(s), 2 Warning(s).
Target not created
