Product: MDK-ARM Lite 5.10
Component: ARM Compiler 5.04 update 1 (build 49)
Tool: armlink [5040049]

==============================================================================

Section Cross References

    main.o(.text) refers to _printf_pad.o(.text) for _printf_pre_padding
    main.o(.text) refers to _printf_percent.o(.ARM.Collect$$_printf_percent$$00000000) for _printf_percent
    main.o(.text) refers to _printf_f.o(.ARM.Collect$$_printf_percent$$00000003) for _printf_f
    main.o(.text) refers to _printf_s.o(.ARM.Collect$$_printf_percent$$00000014) for _printf_s
    main.o(.text) refers to printf1.o(x$fpl$printf1) for _printf_fp_dec
    main.o(.text) refers to _printf_str.o(.text) for _printf_str
    main.o(.text) refers to _printf_d.o(.ARM.Collect$$_printf_percent$$00000009) for _printf_d
    main.o(.text) refers to _printf_dec.o(.text) for _printf_int_dec
    main.o(.text) refers to usart.o(.text) for UART2_Send_Command
    main.o(.text) refers to systick.o(.text) for delay_ms
    main.o(.text) refers to led.o(.text) for GPIO_Config
    main.o(.text) refers to key.o(.text) for Key_GPIO_Config
    main.o(.text) refers to timer.o(.text) for Timer2_Init_Config
    main.o(.text) refers to rt_memclr.o(.text) for __aeabi_memclr
    main.o(.text) refers to dht11.o(.text) for dht11_read_data
    main.o(.text) refers to dflt_clz.o(x$fpl$dfltu) for __aeabi_ui2d
    main.o(.text) refers to ddiv.o(x$fpl$ddiv) for __aeabi_ddiv
    main.o(.text) refers to daddsub_clz.o(x$fpl$dadd) for __aeabi_dadd
    main.o(.text) refers to noretval__2sprintf.o(.text) for __2sprintf
    main.o(.text) refers to stm32f10x_usart.o(.text) for USART_ReceiveData
    main.o(.text) refers to stm32f10x_tim.o(.text) for TIM_GetITStatus
    main.o(.text) refers to strstr.o(.text) for strstr
    main.o(.text) refers to main.o(.bss) for Uart2_Buf
    main.o(.text) refers to main.o(.data) for First_Int
    main.o(.data) refers to main.o(.conststring) for .conststring
    stm32f10x_it.o(.text) refers to systick.o(.text) for SysTickDelayTime_Counter
    usart.o(.text) refers to stm32f10x_rcc.o(.text) for RCC_APB2PeriphClockCmd
    usart.o(.text) refers to stm32f10x_usart.o(.text) for USART_DeInit
    usart.o(.text) refers to stm32f10x_gpio.o(.text) for GPIO_Init
    usart.o(.text) refers to misc.o(.text) for NVIC_Init
    usart.o(.text) refers to main.o(.text) for CLR_Buf
    usart.o(.text) refers to systick.o(.text) for delay_ms
    key.o(.text) refers to stm32f10x_rcc.o(.text) for RCC_APB2PeriphClockCmd
    key.o(.text) refers to stm32f10x_gpio.o(.text) for GPIO_Init
    key.o(.text) refers to systick.o(.text) for delay_ms
    led.o(.text) refers to stm32f10x_gpio.o(.text) for GPIO_SetBits
    led.o(.text) refers to stm32f10x_rcc.o(.text) for RCC_APB2PeriphClockCmd
    systick.o(.text) refers to system_stm32f10x.o(.data) for SystemCoreClock
    systick.o(.text) refers to systick.o(.data) for SysTickDelayTime
    timer.o(.text) refers to stm32f10x_rcc.o(.text) for RCC_APB1PeriphClockCmd
    timer.o(.text) refers to stm32f10x_tim.o(.text) for TIM_TimeBaseInit
    timer.o(.text) refers to misc.o(.text) for NVIC_Init
    dht11.o(.text) refers to stm32f10x_rcc.o(.text) for RCC_APB2PeriphClockCmd
    dht11.o(.text) refers to stm32f10x_gpio.o(.text) for GPIO_Init
    dht11.o(.text) refers to systick.o(.text) for delay_ms
    dht11.o(.text) refers to time_delay.o(.text) for delay_us
    time_delay.o(.text) refers to misc.o(.text) for SysTick_CLKSourceConfig
    time_delay.o(.text) refers to system_stm32f10x.o(.data) for SystemCoreClock
    time_delay.o(.text) refers to time_delay.o(.data) for fac_us
    stm32f10x_gpio.o(.text) refers to stm32f10x_rcc.o(.text) for RCC_APB2PeriphResetCmd
    stm32f10x_rcc.o(.text) refers to stm32f10x_rcc.o(.data) for APBAHBPrescTable
    stm32f10x_tim.o(.text) refers to stm32f10x_rcc.o(.text) for RCC_APB2PeriphResetCmd
    stm32f10x_usart.o(.text) refers to stm32f10x_rcc.o(.text) for RCC_APB2PeriphResetCmd
    system_stm32f10x.o(.text) refers to system_stm32f10x.o(.data) for SystemCoreClock
    startup_stm32f10x_md.o(STACK) refers (Special) to heapauxi.o(.text) for __use_two_region_memory
    startup_stm32f10x_md.o(HEAP) refers (Special) to heapauxi.o(.text) for __use_two_region_memory
    startup_stm32f10x_md.o(RESET) refers (Special) to heapauxi.o(.text) for __use_two_region_memory
    startup_stm32f10x_md.o(RESET) refers to startup_stm32f10x_md.o(STACK) for __initial_sp
    startup_stm32f10x_md.o(RESET) refers to startup_stm32f10x_md.o(.text) for Reset_Handler
    startup_stm32f10x_md.o(RESET) refers to stm32f10x_it.o(.text) for NMI_Handler
    startup_stm32f10x_md.o(RESET) refers to main.o(.text) for TIM2_IRQHandler
    startup_stm32f10x_md.o(.text) refers (Special) to heapauxi.o(.text) for __use_two_region_memory
    startup_stm32f10x_md.o(.text) refers to system_stm32f10x.o(.text) for SystemInit
[...]


==============================================================================

Removing Unused input sections from the image.

    Removing usart.o(.data), (6 bytes).
    Removing stm32f10x_exti.o(.text), (284 bytes).
    Removing core_cm3.o(.emb_text), (32 bytes).
    Removing sys.o(.text), (12 bytes).

4 unused section(s) (total 334 bytes) removed from the image.

==============================================================================

Image Symbol Table

    Local Symbols

    Symbol Name                              Value     Ov Type        Size  Object(Section)

    ../clib/angel/boardlib.s                 0x00000000   Number         0  boardinit1.o ABSOLUTE
    ../clib/angel/boardlib.s                 0x00000000   Number         0  boardshut.o ABSOLUTE
    ../clib/angel/boardlib.s                 0x00000000   Number         0  boardinit2.o ABSOLUTE
    ../clib/angel/boardlib.s                 0x00000000   Number         0  boardinit3.o ABSOLUTE
    ../clib/angel/handlers.s                 0x00000000   Number         0  __scatter_zi.o ABSOLUTE
    ../clib/angel/handlers.s                 0x00000000   Number         0  __scatter_copy.o ABSOLUTE
    ../clib/angel/kernel.s                   0x00000000   Number         0  rtentry4.o ABSOLUTE
    ../clib/angel/kernel.s                   0x00000000   Number         0  rtexit.o ABSOLUTE
    ../clib/angel/kernel.s                   0x00000000   Number         0  rtexit2.o ABSOLUTE
    ../clib/angel/kernel.s                   0x00000000   Number         0  rtentry.o ABSOLUTE
    ../clib/angel/kernel.s                   0x00000000   Number         0  rtentry2.o ABSOLUTE
    ../clib/angel/rt.s                       0x00000000   Number         0  rt_locale_intlibspace.o ABSOLUTE
    ../clib/angel/rt.s                       0x00000000   Number         0  rt_locale.o ABSOLUTE
    ../clib/angel/rt.s                       0x00000000   Number         0  rt_raise.o ABSOLUTE
    ../clib/angel/scatter.s                  0x00000000   Number         0  __scatter.o ABSOLUTE
    ../clib/angel/startup.s                  0x00000000   Number         0  __main.o ABSOLUTE
    ../clib/angel/sys.s                      0x00000000   Number         0  indicate_semi.o ABSOLUTE
    ../clib/angel/sys.s                      0x00000000   Number         0  use_no_semi.o ABSOLUTE
    ../clib/angel/sys.s                      0x00000000   Number         0  libspace.o ABSOLUTE
    ../clib/angel/sys.s                      0x00000000   Number         0  sys_stackheap_outer.o ABSOLUTE
    ../clib/angel/sysapp.c                   0x00000000   Number         0  sys_command.o ABSOLUTE
    ../clib/angel/sysapp.c                   0x00000000   Number         0  sys_exit.o ABSOLUTE
    ../clib/angel/sysapp.c                   0x00000000   Number         0  sys_wrch.o ABSOLUTE
    ../clib/armsys.c                         0x00000000   Number         0  argv_veneer.o ABSOLUTE
    ../clib/armsys.c                         0x00000000   Number         0  argv_veneer.o ABSOLUTE
    ../clib/armsys.c                         0x00000000   Number         0  _get_argv_nomalloc.o ABSOLUTE
    ../clib/armsys.c                         0x00000000   Number         0  no_argv.o ABSOLUTE
    ../clib/bigflt.c                         0x00000000   Number         0  bigflt0.o ABSOLUTE
    ../clib/btod.s                           0x00000000   Number         0  btod.o ABSOLUTE
    ../clib/heapalloc.c                      0x00000000   Number         0  hrguard.o ABSOLUTE
    ../clib/heapaux.c                        0x00000000   Number         0  heapauxi.o ABSOLUTE
    ../clib/libinit.s                        0x00000000   Number         0  libinit2.o ABSOLUTE
    ../clib/libinit.s                        0x00000000   Number         0  libshutdown2.o ABSOLUTE
    ../clib/libinit.s                        0x00000000   Number         0  libinit.o ABSOLUTE
    ../clib/libinit.s                        0x00000000   Number         0  libshutdown.o ABSOLUTE
    ../clib/locale.s                         0x00000000   Number         0  lc_numeric_c.o ABSOLUTE
    ../clib/longlong.s                       0x00000000   Number         0  lludiv10.o ABSOLUTE
    ../clib/memcpset.s                       0x00000000   Number         0  rt_memclr_w.o ABSOLUTE
    ../clib/memcpset.s                       0x00000000   Number         0  rt_memclr.o ABSOLUTE
    ../clib/memcpset.s                       0x00000000   Number         0  strcmpv7m.o ABSOLUTE
    ../clib/misc.s                           0x00000000   Number         0  printf_stubs.o ABSOLUTE
    ../clib/printf.c                         0x00000000   Number         0  _printf_char_common.o ABSOLUTE
    ../clib/printf.c                         0x00000000   Number         0  _printf_fp_infnan.o ABSOLUTE
    ../clib/printf.c                         0x00000000   Number         0  _sputc.o ABSOLUTE
    ../clib/printf.c                         0x00000000   Number         0  __printf_nopercent.o ABSOLUTE
    ../clib/printf.c                         0x00000000   Number         0  _printf_pad.o ABSOLUTE
    ../clib/printf.c                         0x00000000   Number         0  _printf_char.o ABSOLUTE
    ../clib/printf.c                         0x00000000   Number         0  __printf.o ABSOLUTE
    ../clib/printf.c                         0x00000000   Number         0  noretval__2sprintf.o ABSOLUTE
    ../clib/printf.c                         0x00000000   Number         0  __2sprintf.o ABSOLUTE
    ../clib/printf.c                         0x00000000   Number         0  __printf_ss.o ABSOLUTE
    ../clib/printf.c                         0x00000000   Number         0  __printf_flags_ss_wp.o ABSOLUTE
    ../clib/printf.c                         0x00000000   Number         0  __printf_ss_wp.o ABSOLUTE
    ../clib/printf.c                         0x00000000   Number         0  __printf_flags_wp.o ABSOLUTE
    ../clib/printf.c                         0x00000000   Number         0  _printf_str.o ABSOLUTE
    ../clib/printf.c                         0x00000000   Number         0  __printf_wp.o ABSOLUTE
    ../clib/printf.c                         0x00000000   Number         0  __printf_flags_ss.o ABSOLUTE
    ../clib/printf.c                         0x00000000   Number         0  __printf_flags.o ABSOLUTE
    ../clib/printf.c                         0x00000000   Number         0  _printf_dec.o ABSOLUTE
    ../clib/printf.c                         0x00000000   Number         0  _printf_fp_dec.o ABSOLUTE
    ../clib/printf.c                         0x00000000   Number         0  _printf_intcommon.o ABSOLUTE
    ../clib/printf_percent.s                 0x00000000   Number         0  _printf_s.o ABSOLUTE
    ../clib/printf_percent.s                 0x00000000   Number         0  _printf_d.o ABSOLUTE
    ../clib/printf_percent.s                 0x00000000   Number         0  _printf_percent.o ABSOLUTE
    ../clib/printf_percent.s                 0x00000000   Number         0  _printf_percent_end.o ABSOLUTE
    ../clib/printf_percent.s                 0x00000000   Number         0  _printf_f.o ABSOLUTE
    ../clib/signal.c                         0x00000000   Number         0  defsig_rtmem_outer.o ABSOLUTE
    ../clib/signal.c                         0x00000000   Number         0  defsig_cppl_inner.o ABSOLUTE
    ../clib/signal.c                         0x00000000   Number         0  defsig_exit.o ABSOLUTE
    ../clib/signal.c                         0x00000000   Number         0  defsig_pvfn_inner.o ABSOLUTE
    ../clib/signal.c                         0x00000000   Number         0  defsig_rtmem_inner.o ABSOLUTE
    ../clib/signal.c                         0x00000000   Number         0  defsig_other.o ABSOLUTE
    ../clib/signal.c                         0x00000000   Number         0  defsig_general.o ABSOLUTE
    ../clib/signal.c                         0x00000000   Number         0  defsig_abrt_inner.o ABSOLUTE
    ../clib/signal.c                         0x00000000   Number         0  defsig_stak_inner.o ABSOLUTE
    ../clib/signal.c                         0x00000000   Number         0  __raise.o ABSOLUTE
    ../clib/signal.c                         0x00000000   Number         0  defsig_fpe_inner.o ABSOLUTE
    ../clib/signal.c                         0x00000000   Number         0  defsig_rtred_inner.o ABSOLUTE
    ../clib/signal.c                         0x00000000   Number         0  defsig_segv_inner.o ABSOLUTE
    ../clib/signal.c                         0x00000000   Number         0  defsig_rtmem_formal.o ABSOLUTE
    ../clib/signal.s                         0x00000000   Number         0  defsig.o ABSOLUTE
    ../clib/stdlib.c                         0x00000000   Number         0  exit.o ABSOLUTE
    ../clib/string.c                         0x00000000   Number         0  strstr.o ABSOLUTE
    ../fplib/daddsub.s                       0x00000000   Number         0  daddsub_clz.o ABSOLUTE
    ../fplib/ddiv.s                          0x00000000   Number         0  ddiv.o ABSOLUTE
    ../fplib/dflt.s                          0x00000000   Number         0  dflt_clz.o ABSOLUTE
    ../fplib/dnaninf.s                       0x00000000   Number         0  dnaninf.o ABSOLUTE
    ../fplib/dretinf.s                       0x00000000   Number         0  dretinf.o ABSOLUTE
    ../fplib/fpinit.s                        0x00000000   Number         0  fpinit.o ABSOLUTE
    ../fplib/istatus.s                       0x00000000   Number         0  istatus.o ABSOLUTE
    ../fplib/printf1.s                       0x00000000   Number         0  printf1.o ABSOLUTE
    ../fplib/usenofp.s                       0x00000000   Number         0  usenofp.o ABSOLUTE
    ../mathlib/fpclassify.c                  0x00000000   Number         0  fpclassify.o ABSOLUTE
    ..\BSP\DTH11\DHT11.c                     0x00000000   Number         0  dht11.o ABSOLUTE
    ..\BSP\Delay\time_delay.c                0x00000000   Number         0  time_delay.o ABSOLUTE
    ..\BSP\Key\key.c                         0x00000000   Number         0  key.o ABSOLUTE
    ..\BSP\LED\Led.c                         0x00000000   Number         0  led.o ABSOLUTE
    ..\BSP\SysTick\SysTick.c                 0x00000000   Number         0  systick.o ABSOLUTE
    ..\BSP\TIMER\timer.c                     0x00000000   Number         0  timer.o ABSOLUTE
    ..\BSP\USART\usart.c                     0x00000000   Number         0  usart.o ABSOLUTE
    ..\CMSIS\core_cm3.c                      0x00000000   Number         0  core_cm3.o ABSOLUTE
    ..\CMSIS\startup\arm\startup_stm32f10x_md.s 0x00000000   Number         0  startup_stm32f10x_md.o ABSOLUTE
    ..\CMSIS\system_stm32f10x.c              0x00000000   Number         0  system_stm32f10x.o ABSOLUTE
    ..\LIB\src\misc.c                        0x00000000   Number         0  misc.o ABSOLUTE
    ..\LIB\src\stm32f10x_exti.c              0x00000000   Number         0  stm32f10x_exti.o ABSOLUTE
    ..\LIB\src\stm32f10x_gpio.c              0x00000000   Number         0  stm32f10x_gpio.o ABSOLUTE
    ..\LIB\src\stm32f10x_rcc.c               0x00000000   Number         0  stm32f10x_rcc.o ABSOLUTE
    ..\LIB\src\stm32f10x_tim.c               0x00000000   Number         0  stm32f10x_tim.o ABSOLUTE
    ..\LIB\src\stm32f10x_usart.c             0x00000000   Number         0  stm32f10x_usart.o ABSOLUTE
    ..\SYSTEM\sys\sys.c                      0x00000000   Number         0  sys.o ABSOLUTE
    ..\\CMSIS\\core_cm3.c                    0x00000000   Number         0  core_cm3.o ABSOLUTE
    dc.s                                     0x00000000   Number         0  dc.o ABSOLUTE
    main.c                                   0x00000000   Number         0  main.o ABSOLUTE
    stm32f10x_it.c                           0x00000000   Number         0  stm32f10x_it.o ABSOLUTE
    RESET                                    0x08000000   Section      236  startup_stm32f10x_md.o(RESET)
    !!!main                                  0x080000ec   Section        8  __main.o(!!!main)
    !!!scatter                               0x080000f4   Section       52  __scatter.o(!!!scatter)
    !!handler_copy                           0x08000128   Section       26  __scatter_copy.o(!!handler_copy)
    !!handler_zi                             0x08000144   Section       28  __scatter_zi.o(!!handler_zi)
    .ARM.Collect$$_printf_percent$$00000000  0x08000160   Section        0  _printf_percent.o(.ARM.Collect$$_printf_percent$$00000000)
    .ARM.Collect$$_printf_percent$$00000003  0x08000160   Section        6  _printf_f.o(.ARM.Collect$$_printf_percent$$00000003)
    .ARM.Collect$$_printf_percent$$00000009  0x08000166   Section        6  _printf_d.o(.ARM.Collect$$_printf_percent$$00000009)
    .ARM.Collect$$_printf_percent$$00000014  0x0800016c   Section        6  _printf_s.o(.ARM.Collect$$_printf_percent$$00000014)
    .ARM.Collect$$_printf_percent$$00000017  0x08000172   Section        4  _printf_percent_end.o(.ARM.Collect$$_printf_percent$$00000017)
    .ARM.Collect$$libinit$$00000000          0x08000176   Section        2  libinit.o(.ARM.Collect$$libinit$$00000000)
    .ARM.Collect$$libinit$$00000002          0x08000178   Section        0  libinit2.o(.ARM.Collect$$libinit$$00000002)
    .ARM.Collect$$libinit$$00000008          0x08000178   Section        0  libinit2.o(.ARM.Collect$$libinit$$00000008)
    .ARM.Collect$$libinit$$0000000A          0x08000178   Section        0  libinit2.o(.ARM.Collect$$libinit$$0000000A)
    .ARM.Collect$$libinit$$0000000C          0x08000178   Section        0  libinit2.o(.ARM.Collect$$libinit$$0000000C)
    .ARM.Collect$$libinit$$0000000D          0x08000178   Section        6  libinit2.o(.ARM.Collect$$libinit$$0000000D)
    .ARM.Collect$$libinit$$0000000F          0x0800017e   Section        0  libinit2.o(.ARM.Collect$$libinit$$0000000F)
    .ARM.Collect$$libinit$$00000011          0x0800017e   Section        0  libinit2.o(.ARM.Collect$$libinit$$00000011)
    .ARM.Collect$$libinit$$00000013          0x0800017e   Section        0  libinit2.o(.ARM.Collect$$libinit$$00000013)
    .ARM.Collect$$libinit$$00000014          0x0800017e   Section       10  libinit2.o(.ARM.Collect$$libinit$$00000014)
    .ARM.Collect$$libinit$$00000015          0x08000188   Section        0  libinit2.o(.ARM.Collect$$libinit$$00000015)
    .ARM.Collect$$libinit$$00000017          0x08000188   Section        0  libinit2.o(.ARM.Collect$$libinit$$00000017)
    .ARM.Collect$$libinit$$00000019          0x08000188   Section        0  libinit2.o(.ARM.Collect$$libinit$$00000019)
    .ARM.Collect$$libinit$$0000001B          0x08000188   Section        0  libinit2.o(.ARM.Collect$$libinit$$0000001B)
    .ARM.Collect$$libinit$$0000001D          0x08000188   Section        0  libinit2.o(.ARM.Collect$$libinit$$0000001D)
    .ARM.Collect$$libinit$$0000001F          0x08000188   Section        0  libinit2.o(.ARM.Collect$$libinit$$0000001F)
    .ARM.Collect$$libinit$$00000021          0x08000188   Section        0  libinit2.o(.ARM.Collect$$libinit$$00000021)
    .ARM.Collect$$libinit$$00000023          0x08000188   Section        0  libinit2.o(.ARM.Collect$$libinit$$00000023)
    .ARM.Collect$$libinit$$0000002A          0x08000188   Section        0  libinit2.o(.ARM.Collect$$libinit$$0000002A)
    .ARM.Collect$$libinit$$0000002C          0x08000188   Section        0  libinit2.o(.ARM.Collect$$libinit$$0000002C)
    .ARM.Collect$$libinit$$0000002E          0x08000188   Section        0  libinit2.o(.ARM.Collect$$libinit$$0000002E)
    .ARM.Collect$$libinit$$00000030          0x08000188   Section        0  libinit2.o(.ARM.Collect$$libinit$$00000030)
    .ARM.Collect$$libinit$$00000031          0x08000188   Section        2  libinit2.o(.ARM.Collect$$libinit$$00000031)
    .ARM.Collect$$libshutdown$$00000000      0x0800018a   Section        2  libshutdown.o(.ARM.Collect$$libshutdown$$00000000)
    .ARM.Collect$$libshutdown$$00000003      0x0800018c   Section        0  libshutdown2.o(.ARM.Collect$$libshutdown$$00000003)
    .ARM.Collect$$libshutdown$$00000006      0x0800018c   Section        0  libshutdown2.o(.ARM.Collect$$libshutdown$$00000006)
    .ARM.Collect$$libshutdown$$00000009      0x0800018c   Section        0  libshutdown2.o(.ARM.Collect$$libshutdown$$00000009)
    .ARM.Collect$$libshutdown$$0000000B      0x0800018c   Section        0  libshutdown2.o(.ARM.Collect$$libshutdown$$0000000B)
    .ARM.Collect$$libshutdown$$0000000E      0x0800018c   Section        0  libshutdown2.o(.ARM.Collect$$libshutdown$$0000000E)
    .ARM.Collect$$libshutdown$$0000000F      0x0800018c   Section        2  libshutdown2.o(.ARM.Collect$$libshutdown$$0000000F)
    .ARM.Collect$$rtentry$$00000000          0x0800018e   Section        0  rtentry.o(.ARM.Collect$$rtentry$$00000000)
    .ARM.Collect$$rtentry$$00000002          0x0800018e   Section        0  rtentry2.o(.ARM.Collect$$rtentry$$00000002)
    .ARM.Collect$$rtentry$$00000004          0x0800018e   Section        6  rtentry4.o(.ARM.Collect$$rtentry$$00000004)
    .ARM.Collect$$rtentry$$00000009          0x08000194   Section        0  rtentry2.o(.ARM.Collect$$rtentry$$00000009)
    .ARM.Collect$$rtentry$$0000000A          0x08000194   Section        4  rtentry2.o(.ARM.Collect$$rtentry$$0000000A)
    .ARM.Collect$$rtentry$$0000000C          0x08000198   Section        0  rtentry2.o(.ARM.Collect$$rtentry$$0000000C)
    .ARM.Collect$$rtentry$$0000000D          0x08000198   Section        8  rtentry2.o(.ARM.Collect$$rtentry$$0000000D)
    .ARM.Collect$$rtexit$$00000000           0x080001a0   Section        2  rtexit.o(.ARM.Collect$$rtexit$$00000000)
    .ARM.Collect$$rtexit$$00000002           0x080001a2   Section        0  rtexit2.o(.ARM.Collect$$rtexit$$00000002)
    .ARM.Collect$$rtexit$$00000003           0x080001a2   Section        4  rtexit2.o(.ARM.Collect$$rtexit$$00000003)
    .ARM.Collect$$rtexit$$00000004           0x080001a6   Section        6  rtexit2.o(.ARM.Collect$$rtexit$$00000004)
    .text                                    0x080001ac   Section        0  main.o(.text)
    .text                                    0x08000630   Section        0  stm32f10x_it.o(.text)
    .text                                    0x08000650   Section        0  usart.o(.text)
    .text                                    0x08000890   Section        0  key.o(.text)
    .text                                    0x080009d4   Section        0  led.o(.text)
    .text                                    0x08000ad8   Section        0  systick.o(.text)
    .text                                    0x08000bdc   Section        0  timer.o(.text)
    .text                                    0x08000c38   Section        0  dht11.o(.text)
    .text                                    0x08000d9c   Section        0  time_delay.o(.text)
    .text                                    0x08000e28   Section        0  misc.o(.text)
    .text                                    0x08000f04   Section        0  stm32f10x_gpio.o(.text)
    .text                                    0x08001260   Section        0  stm32f10x_rcc.o(.text)
    .text                                    0x08001604   Section        0  stm32f10x_tim.o(.text)
    TI4_Config                               0x08001aab   Thumb Code   130  stm32f10x_tim.o(.text)
    TI3_Config                               0x08001b3f   Thumb Code   122  stm32f10x_tim.o(.text)
    TI2_Config                               0x08001bd3   Thumb Code   130  stm32f10x_tim.o(.text)
    TI1_Config                               0x08001c67   Thumb Code   108  stm32f10x_tim.o(.text)
    .text                                    0x08002420   Section        0  stm32f10x_usart.o(.text)
    .text                                    0x08002828   Section        0  system_stm32f10x.o(.text)
    SetSysClockTo72                          0x08002829   Thumb Code   214  system_stm32f10x.o(.text)
    SetSysClock                              0x080028ff   Thumb Code     8  system_stm32f10x.o(.text)
    .text                                    0x08002a08   Section       64  startup_stm32f10x_md.o(.text)
    .text                                    0x08002a48   Section        0  noretval__2sprintf.o(.text)
    .text                                    0x08002a70   Section        0  _printf_pad.o(.text)
    .text                                    0x08002abe   Section        0  _printf_str.o(.text)
    .text                                    0x08002b10   Section        0  _printf_dec.o(.text)
    .text                                    0x08002b84   Section        0  __printf_wp.o(.text)
    .text                                    0x08002c92   Section        0  strstr.o(.text)
    .text                                    0x08002cb6   Section       68  rt_memclr.o(.text)
    .text                                    0x08002cfa   Section        0  heapauxi.o(.text)
    .text                                    0x08002d00   Section        0  _printf_intcommon.o(.text)
    .text                                    0x08002db2   Section        0  _printf_fp_dec.o(.text)
    _fp_digits                               0x08002db5   Thumb Code   428  _printf_fp_dec.o(.text)
    .text                                    0x080031c8   Section        0  _printf_char_common.o(.text)
    _printf_input_char                       0x080031c9   Thumb Code    10  _printf_char_common.o(.text)
    .text                                    0x080031f8   Section        0  _sputc.o(.text)
    .text                                    0x08003202   Section        0  _printf_char.o(.text)
    .text                                    0x0800322e   Section       78  rt_memclr_w.o(.text)
    .text                                    0x0800327c   Section        8  rt_locale_intlibspace.o(.text)
    .text                                    0x08003284   Section      138  lludiv10.o(.text)
    .text                                    0x08003310   Section        0  _printf_fp_infnan.o(.text)
    .text                                    0x08003390   Section        0  bigflt0.o(.text)
    .text                                    0x08003468   Section        8  libspace.o(.text)
    .text                                    0x08003470   Section       74  sys_stackheap_outer.o(.text)
    .text                                    0x080034ba   Section        0  exit.o(.text)
    .text                                    0x080034c8   Section      128  strcmpv7m.o(.text)
    .text                                    0x08003548   Section        0  sys_exit.o(.text)
    .text                                    0x08003554   Section        2  use_no_semi.o(.text)
    .text                                    0x08003556   Section        0  indicate_semi.o(.text)
    CL$$btod_d2e                             0x08003556   Section       62  btod.o(CL$$btod_d2e)
    CL$$btod_d2e_denorm_low                  0x08003594   Section       70  btod.o(CL$$btod_d2e_denorm_low)
    CL$$btod_d2e_norm_op1                    0x080035da   Section       96  btod.o(CL$$btod_d2e_norm_op1)
    CL$$btod_div_common                      0x0800363a   Section      824  btod.o(CL$$btod_div_common)
    CL$$btod_e2e                             0x08003972   Section      198  btod.o(CL$$btod_e2e)
    CL$$btod_ediv                            0x08003a38   Section       40  btod.o(CL$$btod_ediv)
    CL$$btod_emul                            0x08003a60   Section       40  btod.o(CL$$btod_emul)
    CL$$btod_mult_common                     0x08003a88   Section      580  btod.o(CL$$btod_mult_common)
    i.__ARM_fpclassify                       0x08003ccc   Section        0  fpclassify.o(i.__ARM_fpclassify)
    i._is_digit                              0x08003cf4   Section        0  __printf_wp.o(i._is_digit)
    locale$$code                             0x08003d04   Section       44  lc_numeric_c.o(locale$$code)
    x$fpl$dadd                               0x08003d30   Section      336  daddsub_clz.o(x$fpl$dadd)
    _dadd1                                   0x08003d41   Thumb Code     0  daddsub_clz.o(x$fpl$dadd)
    x$fpl$ddiv                               0x08003e80   Section      688  ddiv.o(x$fpl$ddiv)
    ddiv_entry                               0x08003e87   Thumb Code     0  ddiv.o(x$fpl$ddiv)
    x$fpl$dfltu                              0x08004130   Section       38  dflt_clz.o(x$fpl$dfltu)
    x$fpl$dnaninf                            0x08004156   Section      156  dnaninf.o(x$fpl$dnaninf)
    x$fpl$dretinf                            0x080041f2   Section       12  dretinf.o(x$fpl$dretinf)
    x$fpl$dsub                               0x08004200   Section      468  daddsub_clz.o(x$fpl$dsub)
    _dsub1                                   0x08004211   Thumb Code     0  daddsub_clz.o(x$fpl$dsub)
    x$fpl$printf1                            0x080043d4   Section        4  printf1.o(x$fpl$printf1)
    .constdata                               0x080043d8   Section      148  bigflt0.o(.constdata)
    x$fpl$usenofp                            0x080043d8   Section        0  usenofp.o(x$fpl$usenofp)
    tenpwrs_x                                0x080043d8   Data          60  bigflt0.o(.constdata)
    tenpwrs_i                                0x08004414   Data          64  bigflt0.o(.constdata)
    .conststring                             0x0800446c   Section       22  main.o(.conststring)
    locale$$data                             0x080044a4   Section       28  lc_numeric_c.o(locale$$data)
    __lcnum_c_name                           0x080044a8   Data           2  lc_numeric_c.o(locale$$data)
    __lcnum_c_start                          0x080044b0   Data           0  lc_numeric_c.o(locale$$data)
    __lcnum_c_point                          0x080044bc   Data           0  lc_numeric_c.o(locale$$data)
    __lcnum_c_thousands                      0x080044be   Data           0  lc_numeric_c.o(locale$$data)
    __lcnum_c_grouping                       0x080044bf   Data           0  lc_numeric_c.o(locale$$data)
    __lcnum_c_end                            0x080044c0   Data           0  lc_numeric_c.o(locale$$data)
    .data                                    0x20000000   Section       17  main.o(.data)
    phone_num                                0x2000000c   Data           4  main.o(.data)
    flag                                     0x20000010   Data           1  main.o(.data)
    .data                                    0x20000014   Section       12  systick.o(.data)
    SysTickDelayTime                         0x20000014   Data           4  systick.o(.data)
    TimingDelay                              0x20000018   Data           4  systick.o(.data)
    .data                                    0x20000020   Section        4  time_delay.o(.data)
    fac_us                                   0x20000020   Data           1  time_delay.o(.data)
    fac_ms                                   0x20000022   Data           2  time_delay.o(.data)
    .data                                    0x20000024   Section       20  stm32f10x_rcc.o(.data)
    APBAHBPrescTable                         0x20000024   Data          16  stm32f10x_rcc.o(.data)
    ADCPrescTable                            0x20000034   Data           4  stm32f10x_rcc.o(.data)
    .data                                    0x20000038   Section       20  system_stm32f10x.o(.data)
    .bss                                     0x2000004c   Section      180  main.o(.bss)
    .bss                                     0x20000100   Section       96  libspace.o(.bss)
    HEAP                                     0x20000160   Section      512  startup_stm32f10x_md.o(HEAP)
    Heap_Mem                                 0x20000160   Data         512  startup_stm32f10x_md.o(HEAP)
    STACK                                    0x20000360   Section     1024  startup_stm32f10x_md.o(STACK)
    Stack_Mem                                0x20000360   Data        1024  startup_stm32f10x_md.o(STACK)
    __initial_sp                             0x20000760   Data           0  startup_stm32f10x_md.o(STACK)

    Global Symbols

    Symbol Name                              Value     Ov Type        Size  Object(Section)

    BuildAttributes$$THM_ISAv4$P$D$K$B$S$PE$A:L22UL41UL21$X:L11$S22US41US21$IEEE1$IW$USESV6$~STKCKD$USESV7$~SHL$OTIME$ROPI$IEEEJ$EBA8$UX$STANDARDLIB$REQ8$PRES8$EABIv2 0x00000000   Number         0  anon$$obj.o ABSOLUTE
    __ARM_use_no_argv                        0x00000000   Number         0  main.o ABSOLUTE
    _printf_flags                            0x00000000   Number         0  printf_stubs.o ABSOLUTE
    _printf_return_value                     0x00000000   Number         0  printf_stubs.o ABSOLUTE
    _printf_sizespec                         0x00000000   Number         0  printf_stubs.o ABSOLUTE
    _printf_widthprec                        0x00000000   Number         0  printf_stubs.o ABSOLUTE
    __ARM_exceptions_init                     - Undefined Weak Reference
    __alloca_initialize                       - Undefined Weak Reference
    __cpp_initialize__aeabi_                  - Undefined Weak Reference
    __cxa_finalize                            - Undefined Weak Reference
    __sigvec_lookup                           - Undefined Weak Reference
    _atexit_init                              - Undefined Weak Reference
    _call_atexit_fns                          - Undefined Weak Reference
    _clock_init                               - Undefined Weak Reference
    _fp_trap_init                             - Undefined Weak Reference
    _fp_trap_shutdown                         - Undefined Weak Reference
    _get_lc_collate                           - Undefined Weak Reference
    _get_lc_ctype                             - Undefined Weak Reference
    _get_lc_monetary                          - Undefined Weak Reference
    _get_lc_time                              - Undefined Weak Reference
    _getenv_init                              - Undefined Weak Reference
    _handle_redirection                       - Undefined Weak Reference
    _init_alloc                               - Undefined Weak Reference
    _init_user_alloc                          - Undefined Weak Reference
    _initio                                   - Undefined Weak Reference
    _printf_mbtowc                            - Undefined Weak Reference
    _printf_truncate_signed                   - Undefined Weak Reference
    _printf_truncate_unsigned                 - Undefined Weak Reference
    _rand_init                                - Undefined Weak Reference
    _signal_finish                            - Undefined Weak Reference
    _signal_init                              - Undefined Weak Reference
    _terminate_alloc                          - Undefined Weak Reference
    _terminate_user_alloc                     - Undefined Weak Reference
    _terminateio                              - Undefined Weak Reference
    __Vectors_Size                           0x000000ec   Number         0  startup_stm32f10x_md.o ABSOLUTE
    __Vectors                                0x08000000   Data           4  startup_stm32f10x_md.o(RESET)
    __Vectors_End                            0x080000ec   Data           0  startup_stm32f10x_md.o(RESET)
    __main                                   0x080000ed   Thumb Code     8  __main.o(!!!main)
    __scatterload                            0x080000f5   Thumb Code     0  __scatter.o(!!!scatter)
    __scatterload_rt2                        0x080000f5   Thumb Code    44  __scatter.o(!!!scatter)
    __scatterload_rt2_thumb_only             0x080000f5   Thumb Code     0  __scatter.o(!!!scatter)
    __scatterload_null                       0x08000103   Thumb Code     0  __scatter.o(!!!scatter)
    __scatterload_copy                       0x08000129   Thumb Code    26  __scatter_copy.o(!!handler_copy)
    __scatterload_zeroinit                   0x08000145   Thumb Code    28  __scatter_zi.o(!!handler_zi)
    _printf_f                                0x08000161   Thumb Code     0  _printf_f.o(.ARM.Collect$$_printf_percent$$00000003)
    _printf_percent                          0x08000161   Thumb Code     0  _printf_percent.o(.ARM.Collect$$_printf_percent$$00000000)
    _printf_d                                0x08000167   Thumb Code     0  _printf_d.o(.ARM.Collect$$_printf_percent$$00000009)
    _printf_s                                0x0800016d   Thumb Code     0  _printf_s.o(.ARM.Collect$$_printf_percent$$00000014)
    _printf_percent_end                      0x08000173   Thumb Code     0  _printf_percent_end.o(.ARM.Collect$$_printf_percent$$00000017)
    __rt_lib_init                            0x08000177   Thumb Code     0  libinit.o(.ARM.Collect$$libinit$$00000000)
    __rt_lib_init_fp_1                       0x08000179   Thumb Code     0  libinit2.o(.ARM.Collect$$libinit$$00000002)
    __rt_lib_init_heap_1                     0x08000179   Thumb Code     0  libinit2.o(.ARM.Collect$$libinit$$00000008)
    __rt_lib_init_lc_common                  0x08000179   Thumb Code     0  libinit2.o(.ARM.Collect$$libinit$$0000000D)
    __rt_lib_init_rand_1                     0x08000179   Thumb Code     0  libinit2.o(.ARM.Collect$$libinit$$0000000C)
    __rt_lib_init_user_alloc_1               0x08000179   Thumb Code     0  libinit2.o(.ARM.Collect$$libinit$$0000000A)
    __rt_lib_init_lc_collate_1               0x0800017f   Thumb Code     0  libinit2.o(.ARM.Collect$$libinit$$0000000F)
    __rt_lib_init_lc_ctype_1                 0x0800017f   Thumb Code     0  libinit2.o(.ARM.Collect$$libinit$$00000011)
    __rt_lib_init_lc_monetary_1              0x0800017f   Thumb Code     0  libinit2.o(.ARM.Collect$$libinit$$00000013)
    __rt_lib_init_lc_numeric_2               0x0800017f   Thumb Code     0  libinit2.o(.ARM.Collect$$libinit$$00000014)
    __rt_lib_init_alloca_1                   0x08000189   Thumb Code     0  libinit2.o(.ARM.Collect$$libinit$$0000002C)
    __rt_lib_init_argv_1                     0x08000189   Thumb Code     0  libinit2.o(.ARM.Collect$$libinit$$0000002A)
    __rt_lib_init_atexit_1                   0x08000189   Thumb Code     0  libinit2.o(.ARM.Collect$$libinit$$00000019)
    __rt_lib_init_clock_1                    0x08000189   Thumb Code     0  libinit2.o(.ARM.Collect$$libinit$$0000001F)
    __rt_lib_init_cpp_1                      0x08000189   Thumb Code     0  libinit2.o(.ARM.Collect$$libinit$$00000030)
    __rt_lib_init_exceptions_1               0x08000189   Thumb Code     0  libinit2.o(.ARM.Collect$$libinit$$0000002E)
    __rt_lib_init_fp_trap_1                  0x08000189   Thumb Code     0  libinit2.o(.ARM.Collect$$libinit$$0000001D)
    __rt_lib_init_getenv_1                   0x08000189   Thumb Code     0  libinit2.o(.ARM.Collect$$libinit$$00000021)
    __rt_lib_init_lc_numeric_1               0x08000189   Thumb Code     0  libinit2.o(.ARM.Collect$$libinit$$00000015)
    __rt_lib_init_lc_time_1                  0x08000189   Thumb Code     0  libinit2.o(.ARM.Collect$$libinit$$00000017)
    __rt_lib_init_return                     0x08000189   Thumb Code     0  libinit2.o(.ARM.Collect$$libinit$$00000031)
    __rt_lib_init_signal_1                   0x08000189   Thumb Code     0  libinit2.o(.ARM.Collect$$libinit$$0000001B)
    __rt_lib_init_stdio_1                    0x08000189   Thumb Code     0  libinit2.o(.ARM.Collect$$libinit$$00000023)
    __rt_lib_shutdown                        0x0800018b   Thumb Code     0  libshutdown.o(.ARM.Collect$$libshutdown$$00000000)
    __rt_lib_shutdown_fp_trap_1              0x0800018d   Thumb Code     0  libshutdown2.o(.ARM.Collect$$libshutdown$$00000006)
    __rt_lib_shutdown_heap_1                 0x0800018d   Thumb Code     0  libshutdown2.o(.ARM.Collect$$libshutdown$$0000000E)
    __rt_lib_shutdown_return                 0x0800018d   Thumb Code     0  libshutdown2.o(.ARM.Collect$$libshutdown$$0000000F)
    __rt_lib_shutdown_signal_1               0x0800018d   Thumb Code     0  libshutdown2.o(.ARM.Collect$$libshutdown$$00000009)
    __rt_lib_shutdown_stdio_1                0x0800018d   Thumb Code     0  libshutdown2.o(.ARM.Collect$$libshutdown$$00000003)
    __rt_lib_shutdown_user_alloc_1           0x0800018d   Thumb Code     0  libshutdown2.o(.ARM.Collect$$libshutdown$$0000000B)
    __rt_entry                               0x0800018f   Thumb Code     0  rtentry.o(.ARM.Collect$$rtentry$$00000000)
    __rt_entry_presh_1                       0x0800018f   Thumb Code     0  rtentry2.o(.ARM.Collect$$rtentry$$00000002)
    __rt_entry_sh                            0x0800018f   Thumb Code     0  rtentry4.o(.ARM.Collect$$rtentry$$00000004)
    __rt_entry_li                            0x08000195   Thumb Code     0  rtentry2.o(.ARM.Collect$$rtentry$$0000000A)
    __rt_entry_postsh_1                      0x08000195   Thumb Code     0  rtentry2.o(.ARM.Collect$$rtentry$$00000009)
    __rt_entry_main                          0x08000199   Thumb Code     0  rtentry2.o(.ARM.Collect$$rtentry$$0000000D)
    __rt_entry_postli_1                      0x08000199   Thumb Code     0  rtentry2.o(.ARM.Collect$$rtentry$$0000000C)
    __rt_exit                                0x080001a1   Thumb Code     0  rtexit.o(.ARM.Collect$$rtexit$$00000000)
    __rt_exit_ls                             0x080001a3   Thumb Code     0  rtexit2.o(.ARM.Collect$$rtexit$$00000003)
    __rt_exit_prels_1                        0x080001a3   Thumb Code     0  rtexit2.o(.ARM.Collect$$rtexit$$00000002)
    __rt_exit_exit                           0x080001a7   Thumb Code     0  rtexit2.o(.ARM.Collect$$rtexit$$00000004)
    CLR_Buf                                  0x080001ad   Thumb Code    26  main.o(.text)
    Wait_CREG                                0x080001c7   Thumb Code   144  main.o(.text)
    check_status                             0x08000257   Thumb Code    66  main.o(.text)
    send_text_message                        0x08000299   Thumb Code   138  main.o(.text)
    CLR_UART1_Buffer                         0x08000323   Thumb Code    26  main.o(.text)
    UART1_Send_QUERY_Command                 0x0800033d   Thumb Code    46  main.o(.text)
    main                                     0x0800036b   Thumb Code   296  main.o(.text)
    USART2_IRQHandler                        0x08000493   Thumb Code    44  main.o(.text)
    TIM2_IRQHandler                          0x080004bf   Thumb Code    42  main.o(.text)
    Find                                     0x080004e9   Thumb Code    22  main.o(.text)
    USART1_IRQHandler                        0x080004ff   Thumb Code    44  main.o(.text)
    CLR_UART1_Buf                            0x0800052b   Thumb Code    26  main.o(.text)
    UART1_Find                               0x08000545   Thumb Code    22  main.o(.text)
    NMI_Handler                              0x08000631   Thumb Code     2  stm32f10x_it.o(.text)
    HardFault_Handler                        0x08000633   Thumb Code     4  stm32f10x_it.o(.text)
    MemManage_Handler                        0x08000637   Thumb Code     4  stm32f10x_it.o(.text)
    BusFault_Handler                         0x0800063b   Thumb Code     4  stm32f10x_it.o(.text)
    UsageFault_Handler                       0x0800063f   Thumb Code     4  stm32f10x_it.o(.text)
    SVC_Handler                              0x08000643   Thumb Code     2  stm32f10x_it.o(.text)
    DebugMon_Handler                         0x08000645   Thumb Code     2  stm32f10x_it.o(.text)
    PendSV_Handler                           0x08000647   Thumb Code     2  stm32f10x_it.o(.text)
    SysTick_Handler                          0x08000649   Thumb Code     8  stm32f10x_it.o(.text)
    USART1_Init_Config                       0x08000651   Thumb Code   166  usart.o(.text)
    UART1_SendString                         0x080006f7   Thumb Code    38  usart.o(.text)
    USART2_Init_Config                       0x0800071d   Thumb Code   170  usart.o(.text)
    UART2_SendString                         0x080007c7   Thumb Code    38  usart.o(.text)
    UART2_Send_Command                       0x080007ed   Thumb Code    22  usart.o(.text)
    UART2_Send_AT_Command                    0x08000803   Thumb Code    54  usart.o(.text)
    UART2_Send_Command_END                   0x08000839   Thumb Code    16  usart.o(.text)
    UART2_Send_AT_Command_End                0x08000849   Thumb Code    54  usart.o(.text)
    Key_GPIO_Config                          0x08000891   Thumb Code    38  key.o(.text)
    Key_Down_Detection                       0x080008b7   Thumb Code    58  key.o(.text)
    Key_Down_Scan                            0x080008f1   Thumb Code   224  key.o(.text)
    LED_ALL_OFF                              0x080009d5   Thumb Code    14  led.o(.text)
    GPIO_Config                              0x080009e3   Thumb Code    44  led.o(.text)
    LED0_ON                                  0x08000a0f   Thumb Code    12  led.o(.text)
    LED0_OFF                                 0x08000a1b   Thumb Code    12  led.o(.text)
    LED1_ON                                  0x08000a27   Thumb Code    12  led.o(.text)
    LED1_OFF                                 0x08000a33   Thumb Code    12  led.o(.text)
    LED2_ON                                  0x08000a3f   Thumb Code    12  led.o(.text)
    LED2_OFF                                 0x08000a4b   Thumb Code    12  led.o(.text)
    LED4_ON                                  0x08000a57   Thumb Code    14  led.o(.text)
    LED4_OFF                                 0x08000a65   Thumb Code    14  led.o(.text)
    LED5_ON                                  0x08000a73   Thumb Code    14  led.o(.text)
    LED5_OFF                                 0x08000a81   Thumb Code    14  led.o(.text)
    LED6_ON                                  0x08000a8f   Thumb Code    14  led.o(.text)
    LED6_OFF                                 0x08000a9d   Thumb Code    14  led.o(.text)
    LED7_ON                                  0x08000aab   Thumb Code    14  led.o(.text)
    LED7_OFF                                 0x08000ab9   Thumb Code    14  led.o(.text)
    LED_ALL_ON                               0x08000ac7   Thumb Code    14  led.o(.text)
    SysTick_Init_Config                      0x08000ad9   Thumb Code   108  systick.o(.text)
    delay_ms                                 0x08000b45   Thumb Code    38  systick.o(.text)
    _delay_Nms                               0x08000b6b   Thumb Code    38  systick.o(.text)
    Delay_nS                                 0x08000b91   Thumb Code    38  systick.o(.text)
    SysTickDelayTime_Counter                 0x08000bb7   Thumb Code    18  systick.o(.text)
    Timer2_Init_Config                       0x08000bdd   Thumb Code    92  timer.o(.text)
    dht11_gpio_input                         0x08000c39   Thumb Code    40  dht11.o(.text)
    dht11_gpio_output                        0x08000c61   Thumb Code    40  dht11.o(.text)
    DHT11_delay_us                           0x08000c89   Thumb Code    10  dht11.o(.text)
    dht11_reset                              0x08000c93   Thumb Code    44  dht11.o(.text)
    dht11_scan                               0x08000cbf   Thumb Code    14  dht11.o(.text)
    dht11_read_bit                           0x08000ccd   Thumb Code    62  dht11.o(.text)
    dht11_read_byte                          0x08000d0b   Thumb Code    34  dht11.o(.text)
    dht11_read_data                          0x08000d2d   Thumb Code   108  dht11.o(.text)
    delay_init                               0x08000d9d   Thumb Code    50  time_delay.o(.text)
    delay_us                                 0x08000dcf   Thumb Code    72  time_delay.o(.text)
    NVIC_PriorityGroupConfig                 0x08000e29   Thumb Code    10  misc.o(.text)
    NVIC_Init                                0x08000e33   Thumb Code   100  misc.o(.text)
    NVIC_SetVectorTable                      0x08000e97   Thumb Code    14  misc.o(.text)
    NVIC_SystemLPConfig                      0x08000ea5   Thumb Code    34  misc.o(.text)
    SysTick_CLKSourceConfig                  0x08000ec7   Thumb Code    40  misc.o(.text)
    GPIO_DeInit                              0x08000f05   Thumb Code   172  stm32f10x_gpio.o(.text)
    GPIO_AFIODeInit                          0x08000fb1   Thumb Code    20  stm32f10x_gpio.o(.text)
    GPIO_Init                                0x08000fc5   Thumb Code   278  stm32f10x_gpio.o(.text)
    GPIO_StructInit                          0x080010db   Thumb Code    16  stm32f10x_gpio.o(.text)
    GPIO_ReadInputDataBit                    0x080010eb   Thumb Code    18  stm32f10x_gpio.o(.text)
    GPIO_ReadInputData                       0x080010fd   Thumb Code     8  stm32f10x_gpio.o(.text)
    GPIO_ReadOutputDataBit                   0x08001105   Thumb Code    18  stm32f10x_gpio.o(.text)
    GPIO_ReadOutputData                      0x08001117   Thumb Code     8  stm32f10x_gpio.o(.text)
    GPIO_SetBits                             0x0800111f   Thumb Code     4  stm32f10x_gpio.o(.text)
    GPIO_ResetBits                           0x08001123   Thumb Code     4  stm32f10x_gpio.o(.text)
    GPIO_WriteBit                            0x08001127   Thumb Code    10  stm32f10x_gpio.o(.text)
    GPIO_Write                               0x08001131   Thumb Code     4  stm32f10x_gpio.o(.text)
    GPIO_PinLockConfig                       0x08001135   Thumb Code    18  stm32f10x_gpio.o(.text)
    GPIO_EventOutputConfig                   0x08001147   Thumb Code    26  stm32f10x_gpio.o(.text)
    GPIO_EventOutputCmd                      0x08001161   Thumb Code     6  stm32f10x_gpio.o(.text)
    GPIO_PinRemapConfig                      0x08001167   Thumb Code   138  stm32f10x_gpio.o(.text)
    GPIO_EXTILineConfig                      0x080011f1   Thumb Code    66  stm32f10x_gpio.o(.text)
    GPIO_ETH_MediaInterfaceConfig            0x08001233   Thumb Code     8  stm32f10x_gpio.o(.text)
    RCC_DeInit                               0x08001261   Thumb Code    64  stm32f10x_rcc.o(.text)
    RCC_HSEConfig                            0x080012a1   Thumb Code    70  stm32f10x_rcc.o(.text)
    RCC_GetFlagStatus                        0x080012e7   Thumb Code    56  stm32f10x_rcc.o(.text)
    RCC_WaitForHSEStartUp                    0x0800131f   Thumb Code    56  stm32f10x_rcc.o(.text)
    RCC_AdjustHSICalibrationValue            0x08001357   Thumb Code    20  stm32f10x_rcc.o(.text)
    RCC_HSICmd                               0x0800136b   Thumb Code     6  stm32f10x_rcc.o(.text)
    RCC_PLLConfig                            0x08001371   Thumb Code    24  stm32f10x_rcc.o(.text)
    RCC_PLLCmd                               0x08001389   Thumb Code     6  stm32f10x_rcc.o(.text)
    RCC_SYSCLKConfig                         0x0800138f   Thumb Code    18  stm32f10x_rcc.o(.text)
    RCC_GetSYSCLKSource                      0x080013a1   Thumb Code    10  stm32f10x_rcc.o(.text)
    RCC_HCLKConfig                           0x080013ab   Thumb Code    18  stm32f10x_rcc.o(.text)
    RCC_PCLK1Config                          0x080013bd   Thumb Code    18  stm32f10x_rcc.o(.text)
    RCC_PCLK2Config                          0x080013cf   Thumb Code    20  stm32f10x_rcc.o(.text)
    RCC_ITConfig                             0x080013e3   Thumb Code    26  stm32f10x_rcc.o(.text)
    RCC_USBCLKConfig                         0x080013fd   Thumb Code     8  stm32f10x_rcc.o(.text)
    RCC_ADCCLKConfig                         0x08001405   Thumb Code    18  stm32f10x_rcc.o(.text)
    RCC_LSEConfig                            0x08001417   Thumb Code    50  stm32f10x_rcc.o(.text)
    RCC_LSICmd                               0x08001449   Thumb Code     6  stm32f10x_rcc.o(.text)
    RCC_RTCCLKConfig                         0x0800144f   Thumb Code    12  stm32f10x_rcc.o(.text)
    RCC_RTCCLKCmd                            0x0800145b   Thumb Code     8  stm32f10x_rcc.o(.text)
    RCC_GetClocksFreq                        0x08001463   Thumb Code   192  stm32f10x_rcc.o(.text)
    RCC_AHBPeriphClockCmd                    0x08001523   Thumb Code    26  stm32f10x_rcc.o(.text)
    RCC_APB2PeriphClockCmd                   0x0800153d   Thumb Code    26  stm32f10x_rcc.o(.text)
    RCC_APB1PeriphClockCmd                   0x08001557   Thumb Code    26  stm32f10x_rcc.o(.text)
    RCC_APB2PeriphResetCmd                   0x08001571   Thumb Code    26  stm32f10x_rcc.o(.text)
    RCC_APB1PeriphResetCmd                   0x0800158b   Thumb Code    26  stm32f10x_rcc.o(.text)
    RCC_BackupResetCmd                       0x080015a5   Thumb Code     8  stm32f10x_rcc.o(.text)
    RCC_ClockSecuritySystemCmd               0x080015ad   Thumb Code     6  stm32f10x_rcc.o(.text)
    RCC_MCOConfig                            0x080015b3   Thumb Code     6  stm32f10x_rcc.o(.text)
    RCC_ClearFlag                            0x080015b9   Thumb Code    14  stm32f10x_rcc.o(.text)
    RCC_GetITStatus                          0x080015c7   Thumb Code    20  stm32f10x_rcc.o(.text)
    RCC_ClearITPendingBit                    0x080015db   Thumb Code     6  stm32f10x_rcc.o(.text)
    TIM_DeInit                               0x08001605   Thumb Code   424  stm32f10x_tim.o(.text)
    TIM_TimeBaseInit                         0x080017ad   Thumb Code   122  stm32f10x_tim.o(.text)
    TIM_OC1Init                              0x08001827   Thumb Code   132  stm32f10x_tim.o(.text)
    TIM_OC2Init                              0x080018ab   Thumb Code   154  stm32f10x_tim.o(.text)
    TIM_OC3Init                              0x08001945   Thumb Code   150  stm32f10x_tim.o(.text)
    TIM_OC4Init                              0x080019db   Thumb Code   182  stm32f10x_tim.o(.text)
    TIM_SetIC4Prescaler                      0x08001a91   Thumb Code    26  stm32f10x_tim.o(.text)
    TIM_SetIC3Prescaler                      0x08001b2d   Thumb Code    18  stm32f10x_tim.o(.text)
    TIM_SetIC2Prescaler                      0x08001bb9   Thumb Code    26  stm32f10x_tim.o(.text)
    TIM_SetIC1Prescaler                      0x08001c55   Thumb Code    18  stm32f10x_tim.o(.text)
    TIM_ICInit                               0x08001cd3   Thumb Code   150  stm32f10x_tim.o(.text)
    TIM_PWMIConfig                           0x08001d69   Thumb Code   124  stm32f10x_tim.o(.text)
    TIM_BDTRConfig                           0x08001de5   Thumb Code    32  stm32f10x_tim.o(.text)
    TIM_TimeBaseStructInit                   0x08001e05   Thumb Code    18  stm32f10x_tim.o(.text)
    TIM_OCStructInit                         0x08001e17   Thumb Code    20  stm32f10x_tim.o(.text)
    TIM_ICStructInit                         0x08001e2b   Thumb Code    18  stm32f10x_tim.o(.text)
    TIM_BDTRStructInit                       0x08001e3d   Thumb Code    40  stm32f10x_tim.o(.text)
    TIM_Cmd                                  0x08001e65   Thumb Code    24  stm32f10x_tim.o(.text)
    TIM_CtrlPWMOutputs                       0x08001e7d   Thumb Code    30  stm32f10x_tim.o(.text)
    TIM_ITConfig                             0x08001e9b   Thumb Code    18  stm32f10x_tim.o(.text)
    TIM_GenerateEvent                        0x08001ead   Thumb Code     4  stm32f10x_tim.o(.text)
    TIM_DMAConfig                            0x08001eb1   Thumb Code    10  stm32f10x_tim.o(.text)
    TIM_DMACmd                               0x08001ebb   Thumb Code    18  stm32f10x_tim.o(.text)
    TIM_InternalClockConfig                  0x08001ecd   Thumb Code    12  stm32f10x_tim.o(.text)
    TIM_SelectInputTrigger                   0x08001ed9   Thumb Code    18  stm32f10x_tim.o(.text)
    TIM_ITRxExternalClockConfig              0x08001eeb   Thumb Code    24  stm32f10x_tim.o(.text)
    TIM_TIxExternalClockConfig               0x08001f03   Thumb Code    62  stm32f10x_tim.o(.text)
    TIM_ETRConfig                            0x08001f41   Thumb Code    28  stm32f10x_tim.o(.text)
    TIM_ETRClockMode1Config                  0x08001f5d   Thumb Code    54  stm32f10x_tim.o(.text)
    TIM_ETRClockMode2Config                  0x08001f93   Thumb Code    32  stm32f10x_tim.o(.text)
    TIM_PrescalerConfig                      0x08001fb3   Thumb Code     6  stm32f10x_tim.o(.text)
    TIM_CounterModeConfig                    0x08001fb9   Thumb Code    18  stm32f10x_tim.o(.text)
    TIM_EncoderInterfaceConfig               0x08001fcb   Thumb Code    66  stm32f10x_tim.o(.text)
    TIM_ForcedOC1Config                      0x0800200d   Thumb Code    18  stm32f10x_tim.o(.text)
    TIM_ForcedOC2Config                      0x0800201f   Thumb Code    26  stm32f10x_tim.o(.text)
    TIM_ForcedOC3Config                      0x08002039   Thumb Code    18  stm32f10x_tim.o(.text)
    TIM_ForcedOC4Config                      0x0800204b   Thumb Code    26  stm32f10x_tim.o(.text)
    TIM_ARRPreloadConfig                     0x08002065   Thumb Code    24  stm32f10x_tim.o(.text)
    TIM_SelectCOM                            0x0800207d   Thumb Code    24  stm32f10x_tim.o(.text)
    TIM_SelectCCDMA                          0x08002095   Thumb Code    24  stm32f10x_tim.o(.text)
    TIM_CCPreloadControl                     0x080020ad   Thumb Code    24  stm32f10x_tim.o(.text)
    TIM_OC1PreloadConfig                     0x080020c5   Thumb Code    18  stm32f10x_tim.o(.text)
    TIM_OC2PreloadConfig                     0x080020d7   Thumb Code    26  stm32f10x_tim.o(.text)
    TIM_OC3PreloadConfig                     0x080020f1   Thumb Code    18  stm32f10x_tim.o(.text)
    TIM_OC4PreloadConfig                     0x08002103   Thumb Code    26  stm32f10x_tim.o(.text)
    TIM_OC1FastConfig                        0x0800211d   Thumb Code    18  stm32f10x_tim.o(.text)
    TIM_OC2FastConfig                        0x0800212f   Thumb Code    26  stm32f10x_tim.o(.text)
    TIM_OC3FastConfig                        0x08002149   Thumb Code    18  stm32f10x_tim.o(.text)
    TIM_OC4FastConfig                        0x0800215b   Thumb Code    26  stm32f10x_tim.o(.text)
    TIM_ClearOC1Ref                          0x08002175   Thumb Code    18  stm32f10x_tim.o(.text)
    TIM_ClearOC2Ref                          0x08002187   Thumb Code    24  stm32f10x_tim.o(.text)
    TIM_ClearOC3Ref                          0x0800219f   Thumb Code    18  stm32f10x_tim.o(.text)
    TIM_ClearOC4Ref                          0x080021b1   Thumb Code    24  stm32f10x_tim.o(.text)
    TIM_OC1PolarityConfig                    0x080021c9   Thumb Code    18  stm32f10x_tim.o(.text)
    TIM_OC1NPolarityConfig                   0x080021db   Thumb Code    18  stm32f10x_tim.o(.text)
    TIM_OC2PolarityConfig                    0x080021ed   Thumb Code    26  stm32f10x_tim.o(.text)
    TIM_OC2NPolarityConfig                   0x08002207   Thumb Code    26  stm32f10x_tim.o(.text)
    TIM_OC3PolarityConfig                    0x08002221   Thumb Code    26  stm32f10x_tim.o(.text)
    TIM_OC3NPolarityConfig                   0x0800223b   Thumb Code    26  stm32f10x_tim.o(.text)
    TIM_OC4PolarityConfig                    0x08002255   Thumb Code    26  stm32f10x_tim.o(.text)
    TIM_CCxCmd                               0x0800226f   Thumb Code    30  stm32f10x_tim.o(.text)
    TIM_CCxNCmd                              0x0800228d   Thumb Code    30  stm32f10x_tim.o(.text)
    TIM_SelectOCxM                           0x080022ab   Thumb Code    82  stm32f10x_tim.o(.text)
    TIM_UpdateDisableConfig                  0x080022fd   Thumb Code    24  stm32f10x_tim.o(.text)
    TIM_UpdateRequestConfig                  0x08002315   Thumb Code    24  stm32f10x_tim.o(.text)
    TIM_SelectHallSensor                     0x0800232d   Thumb Code    24  stm32f10x_tim.o(.text)
    TIM_SelectOnePulseMode                   0x08002345   Thumb Code    18  stm32f10x_tim.o(.text)
    TIM_SelectOutputTrigger                  0x08002357   Thumb Code    18  stm32f10x_tim.o(.text)
    TIM_SelectSlaveMode                      0x08002369   Thumb Code    18  stm32f10x_tim.o(.text)
    TIM_SelectMasterSlaveMode                0x0800237b   Thumb Code    18  stm32f10x_tim.o(.text)
    TIM_SetCounter                           0x0800238d   Thumb Code     4  stm32f10x_tim.o(.text)
    TIM_SetAutoreload                        0x08002391   Thumb Code     4  stm32f10x_tim.o(.text)
    TIM_SetCompare1                          0x08002395   Thumb Code     4  stm32f10x_tim.o(.text)
    TIM_SetCompare2                          0x08002399   Thumb Code     4  stm32f10x_tim.o(.text)
    TIM_SetCompare3                          0x0800239d   Thumb Code     4  stm32f10x_tim.o(.text)
    TIM_SetCompare4                          0x080023a1   Thumb Code     6  stm32f10x_tim.o(.text)
    TIM_SetClockDivision                     0x080023a7   Thumb Code    18  stm32f10x_tim.o(.text)
    TIM_GetCapture1                          0x080023b9   Thumb Code     6  stm32f10x_tim.o(.text)
    TIM_GetCapture2                          0x080023bf   Thumb Code     6  stm32f10x_tim.o(.text)
    TIM_GetCapture3                          0x080023c5   Thumb Code     6  stm32f10x_tim.o(.text)
    TIM_GetCapture4                          0x080023cb   Thumb Code     8  stm32f10x_tim.o(.text)
    TIM_GetCounter                           0x080023d3   Thumb Code     6  stm32f10x_tim.o(.text)
    TIM_GetPrescaler                         0x080023d9   Thumb Code     6  stm32f10x_tim.o(.text)
    TIM_GetFlagStatus                        0x080023df   Thumb Code    18  stm32f10x_tim.o(.text)
    TIM_ClearFlag                            0x080023f1   Thumb Code     6  stm32f10x_tim.o(.text)
    TIM_GetITStatus                          0x080023f7   Thumb Code    34  stm32f10x_tim.o(.text)
    TIM_ClearITPendingBit                    0x08002419   Thumb Code     6  stm32f10x_tim.o(.text)
    USART_DeInit                             0x08002421   Thumb Code   134  stm32f10x_usart.o(.text)
    USART_Init                               0x080024a7   Thumb Code   210  stm32f10x_usart.o(.text)
    USART_StructInit                         0x08002579   Thumb Code    24  stm32f10x_usart.o(.text)
    USART_ClockInit                          0x08002591   Thumb Code    34  stm32f10x_usart.o(.text)
    USART_ClockStructInit                    0x080025b3   Thumb Code    12  stm32f10x_usart.o(.text)
    USART_Cmd                                0x080025bf   Thumb Code    24  stm32f10x_usart.o(.text)
    USART_ITConfig                           0x080025d7   Thumb Code    74  stm32f10x_usart.o(.text)
    USART_DMACmd                             0x08002621   Thumb Code    18  stm32f10x_usart.o(.text)
    USART_SetAddress                         0x08002633   Thumb Code    18  stm32f10x_usart.o(.text)
    USART_WakeUpConfig                       0x08002645   Thumb Code    18  stm32f10x_usart.o(.text)
    USART_ReceiverWakeUpCmd                  0x08002657   Thumb Code    24  stm32f10x_usart.o(.text)
    USART_LINBreakDetectLengthConfig         0x0800266f   Thumb Code    18  stm32f10x_usart.o(.text)
    USART_LINCmd                             0x08002681   Thumb Code    24  stm32f10x_usart.o(.text)
    USART_SendData                           0x08002699   Thumb Code     8  stm32f10x_usart.o(.text)
    USART_ReceiveData                        0x080026a1   Thumb Code    10  stm32f10x_usart.o(.text)
    USART_SendBreak                          0x080026ab   Thumb Code    10  stm32f10x_usart.o(.text)
    USART_SetGuardTime                       0x080026b5   Thumb Code    16  stm32f10x_usart.o(.text)
    USART_SetPrescaler                       0x080026c5   Thumb Code    16  stm32f10x_usart.o(.text)
    USART_SmartCardCmd                       0x080026d5   Thumb Code    24  stm32f10x_usart.o(.text)
    USART_SmartCardNACKCmd                   0x080026ed   Thumb Code    24  stm32f10x_usart.o(.text)
    USART_HalfDuplexCmd                      0x08002705   Thumb Code    24  stm32f10x_usart.o(.text)
    USART_OverSampling8Cmd                   0x0800271d   Thumb Code    22  stm32f10x_usart.o(.text)
    USART_OneBitMethodCmd                    0x08002733   Thumb Code    24  stm32f10x_usart.o(.text)
    USART_IrDAConfig                         0x0800274b   Thumb Code    18  stm32f10x_usart.o(.text)
    USART_IrDACmd                            0x0800275d   Thumb Code    24  stm32f10x_usart.o(.text)
    USART_GetFlagStatus                      0x08002775   Thumb Code    26  stm32f10x_usart.o(.text)
    USART_ClearFlag                          0x0800278f   Thumb Code    18  stm32f10x_usart.o(.text)
    USART_GetITStatus                        0x080027a1   Thumb Code    84  stm32f10x_usart.o(.text)
    USART_ClearITPendingBit                  0x080027f5   Thumb Code    52  stm32f10x_usart.o(.text)
    SystemInit                               0x08002907   Thumb Code    78  system_stm32f10x.o(.text)
    SystemCoreClockUpdate                    0x08002955   Thumb Code   142  system_stm32f10x.o(.text)
    Reset_Handler                            0x08002a09   Thumb Code     8  startup_stm32f10x_md.o(.text)
    ADC1_2_IRQHandler                        0x08002a23   Thumb Code     0  startup_stm32f10x_md.o(.text)
    CAN1_RX1_IRQHandler                      0x08002a23   Thumb Code     0  startup_stm32f10x_md.o(.text)
    CAN1_SCE_IRQHandler                      0x08002a23   Thumb Code     0  startup_stm32f10x_md.o(.text)
    DMA1_Channel1_IRQHandler                 0x08002a23   Thumb Code     0  startup_stm32f10x_md.o(.text)
    DMA1_Channel2_IRQHandler                 0x08002a23   Thumb Code     0  startup_stm32f10x_md.o(.text)
    DMA1_Channel3_IRQHandler                 0x08002a23   Thumb Code     0  startup_stm32f10x_md.o(.text)
    DMA1_Channel4_IRQHandler                 0x08002a23   Thumb Code     0  startup_stm32f10x_md.o(.text)
    DMA1_Channel5_IRQHandler                 0x08002a23   Thumb Code     0  startup_stm32f10x_md.o(.text)
    DMA1_Channel6_IRQHandler                 0x08002a23   Thumb Code     0  startup_stm32f10x_md.o(.text)
    DMA1_Channel7_IRQHandler                 0x08002a23   Thumb Code     0  startup_stm32f10x_md.o(.text)
    EXTI0_IRQHandler                         0x08002a23   Thumb Code     0  startup_stm32f10x_md.o(.text)
    EXTI15_10_IRQHandler                     0x08002a23   Thumb Code     0  startup_stm32f10x_md.o(.text)
    EXTI1_IRQHandler                         0x08002a23   Thumb Code     0  startup_stm32f10x_md.o(.text)
    EXTI2_IRQHandler                         0x08002a23   Thumb Code     0  startup_stm32f10x_md.o(.text)
    EXTI3_IRQHandler                         0x08002a23   Thumb Code     0  startup_stm32f10x_md.o(.text)
    EXTI4_IRQHandler                         0x08002a23   Thumb Code     0  startup_stm32f10x_md.o(.text)
    EXTI9_5_IRQHandler                       0x08002a23   Thumb Code     0  startup_stm32f10x_md.o(.text)
    FLASH_IRQHandler                         0x08002a23   Thumb Code     0  startup_stm32f10x_md.o(.text)
    I2C1_ER_IRQHandler                       0x08002a23   Thumb Code     0  startup_stm32f10x_md.o(.text)
    I2C1_EV_IRQHandler                       0x08002a23   Thumb Code     0  startup_stm32f10x_md.o(.text)
    I2C2_ER_IRQHandler                       0x08002a23   Thumb Code     0  startup_stm32f10x_md.o(.text)
    I2C2_EV_IRQHandler                       0x08002a23   Thumb Code     0  startup_stm32f10x_md.o(.text)
    PVD_IRQHandler                           0x08002a23   Thumb Code     0  startup_stm32f10x_md.o(.text)
    RCC_IRQHandler                           0x08002a23   Thumb Code     0  startup_stm32f10x_md.o(.text)
    RTCAlarm_IRQHandler                      0x08002a23   Thumb Code     0  startup_stm32f10x_md.o(.text)
    RTC_IRQHandler                           0x08002a23   Thumb Code     0  startup_stm32f10x_md.o(.text)
    SPI1_IRQHandler                          0x08002a23   Thumb Code     0  startup_stm32f10x_md.o(.text)
    SPI2_IRQHandler                          0x08002a23   Thumb Code     0  startup_stm32f10x_md.o(.text)
    TAMPER_IRQHandler                        0x08002a23   Thumb Code     0  startup_stm32f10x_md.o(.text)
    TIM1_BRK_IRQHandler                      0x08002a23   Thumb Code     0  startup_stm32f10x_md.o(.text)
    TIM1_CC_IRQHandler                       0x08002a23   Thumb Code     0  startup_stm32f10x_md.o(.text)
    TIM1_TRG_COM_IRQHandler                  0x08002a23   Thumb Code     0  startup_stm32f10x_md.o(.text)
    TIM1_UP_IRQHandler                       0x08002a23   Thumb Code     0  startup_stm32f10x_md.o(.text)
    TIM3_IRQHandler                          0x08002a23   Thumb Code     0  startup_stm32f10x_md.o(.text)
    TIM4_IRQHandler                          0x08002a23   Thumb Code     0  startup_stm32f10x_md.o(.text)
    USART3_IRQHandler                        0x08002a23   Thumb Code     0  startup_stm32f10x_md.o(.text)
    USBWakeUp_IRQHandler                     0x08002a23   Thumb Code     0  startup_stm32f10x_md.o(.text)
    USB_HP_CAN1_TX_IRQHandler                0x08002a23   Thumb Code     0  startup_stm32f10x_md.o(.text)
    USB_LP_CAN1_RX0_IRQHandler               0x08002a23   Thumb Code     0  startup_stm32f10x_md.o(.text)
    WWDG_IRQHandler                          0x08002a23   Thumb Code     0  startup_stm32f10x_md.o(.text)
    __user_initial_stackheap                 0x08002a25   Thumb Code     0  startup_stm32f10x_md.o(.text)
    __2sprintf                               0x08002a49   Thumb Code    34  noretval__2sprintf.o(.text)
    _printf_pre_padding                      0x08002a71   Thumb Code    44  _printf_pad.o(.text)
    _printf_post_padding                     0x08002a9d   Thumb Code    34  _printf_pad.o(.text)
    _printf_str                              0x08002abf   Thumb Code    82  _printf_str.o(.text)
    _printf_int_dec                          0x08002b11   Thumb Code   100  _printf_dec.o(.text)
    __printf                                 0x08002b85   Thumb Code   270  __printf_wp.o(.text)
    strstr                                   0x08002c93   Thumb Code    36  strstr.o(.text)
    __aeabi_memclr                           0x08002cb7   Thumb Code     0  rt_memclr.o(.text)
    __rt_memclr                              0x08002cb7   Thumb Code    68  rt_memclr.o(.text)
    _memset                                  0x08002cbb   Thumb Code     0  rt_memclr.o(.text)
    __use_two_region_memory                  0x08002cfb   Thumb Code     2  heapauxi.o(.text)
    __rt_heap_escrow$2region                 0x08002cfd   Thumb Code     2  heapauxi.o(.text)
    __rt_heap_expand$2region                 0x08002cff   Thumb Code     2  heapauxi.o(.text)
    _printf_int_common                       0x08002d01   Thumb Code   178  _printf_intcommon.o(.text)
    __lib_sel_fp_printf                      0x08002db3   Thumb Code     2  _printf_fp_dec.o(.text)
    _printf_fp_dec_real                      0x08002f61   Thumb Code   616  _printf_fp_dec.o(.text)
    _printf_char_common                      0x080031d3   Thumb Code    32  _printf_char_common.o(.text)
    _sputc                                   0x080031f9   Thumb Code    10  _sputc.o(.text)
    _printf_cs_common                        0x08003203   Thumb Code    20  _printf_char.o(.text)
    _printf_char                             0x08003217   Thumb Code    16  _printf_char.o(.text)
    _printf_string                           0x08003227   Thumb Code     8  _printf_char.o(.text)
    __aeabi_memclr4                          0x0800322f   Thumb Code     0  rt_memclr_w.o(.text)
    __aeabi_memclr8                          0x0800322f   Thumb Code     0  rt_memclr_w.o(.text)
    __rt_memclr_w                            0x0800322f   Thumb Code    78  rt_memclr_w.o(.text)
    _memset_w                                0x08003233   Thumb Code     0  rt_memclr_w.o(.text)
    __rt_locale                              0x0800327d   Thumb Code     8  rt_locale_intlibspace.o(.text)
    _ll_udiv10                               0x08003285   Thumb Code   138  lludiv10.o(.text)
    _printf_fp_infnan                        0x08003311   Thumb Code   112  _printf_fp_infnan.o(.text)
    _btod_etento                             0x08003391   Thumb Code   212  bigflt0.o(.text)
    __user_libspace                          0x08003469   Thumb Code     8  libspace.o(.text)
    __user_perproc_libspace                  0x08003469   Thumb Code     0  libspace.o(.text)
    __user_perthread_libspace                0x08003469   Thumb Code     0  libspace.o(.text)
    __user_setup_stackheap                   0x08003471   Thumb Code    74  sys_stackheap_outer.o(.text)
    exit                                     0x080034bb   Thumb Code    12  exit.o(.text)
    strcmp                                   0x080034c9   Thumb Code   128  strcmpv7m.o(.text)
    _sys_exit                                0x08003549   Thumb Code     8  sys_exit.o(.text)
    __I$use$semihosting                      0x08003555   Thumb Code     0  use_no_semi.o(.text)
    __use_no_semihosting_swi                 0x08003555   Thumb Code     2  use_no_semi.o(.text)
    __semihosting_library_function           0x08003557   Thumb Code     0  indicate_semi.o(.text)
    _btod_d2e                                0x08003557   Thumb Code    62  btod.o(CL$$btod_d2e)
    _d2e_denorm_low                          0x08003595   Thumb Code    70  btod.o(CL$$btod_d2e_denorm_low)
    _d2e_norm_op1                            0x080035db   Thumb Code    96  btod.o(CL$$btod_d2e_norm_op1)
    __btod_div_common                        0x0800363b   Thumb Code   696  btod.o(CL$$btod_div_common)
    _e2e                                     0x08003973   Thumb Code   198  btod.o(CL$$btod_e2e)
    _btod_ediv                               0x08003a39   Thumb Code    40  btod.o(CL$$btod_ediv)
    _btod_emul                               0x08003a61   Thumb Code    40  btod.o(CL$$btod_emul)
    __btod_mult_common                       0x08003a89   Thumb Code   580  btod.o(CL$$btod_mult_common)
    __ARM_fpclassify                         0x08003ccd   Thumb Code    40  fpclassify.o(i.__ARM_fpclassify)
    _is_digit                                0x08003cf5   Thumb Code    14  __printf_wp.o(i._is_digit)
    _get_lc_numeric                          0x08003d05   Thumb Code    44  lc_numeric_c.o(locale$$code)
    __aeabi_dadd                             0x08003d31   Thumb Code     0  daddsub_clz.o(x$fpl$dadd)
    _dadd                                    0x08003d31   Thumb Code   332  daddsub_clz.o(x$fpl$dadd)
    __aeabi_ddiv                             0x08003e81   Thumb Code     0  ddiv.o(x$fpl$ddiv)
    _ddiv                                    0x08003e81   Thumb Code   552  ddiv.o(x$fpl$ddiv)
    __aeabi_ui2d                             0x08004131   Thumb Code     0  dflt_clz.o(x$fpl$dfltu)
    _dfltu                                   0x08004131   Thumb Code    38  dflt_clz.o(x$fpl$dfltu)
    __fpl_dnaninf                            0x08004157   Thumb Code   156  dnaninf.o(x$fpl$dnaninf)
    __fpl_dretinf                            0x080041f3   Thumb Code    12  dretinf.o(x$fpl$dretinf)
    __aeabi_dsub                             0x08004201   Thumb Code     0  daddsub_clz.o(x$fpl$dsub)
    _dsub                                    0x08004201   Thumb Code   464  daddsub_clz.o(x$fpl$dsub)
    _printf_fp_dec                           0x080043d5   Thumb Code     4  printf1.o(x$fpl$printf1)
    __I$use$fp                               0x080043d8   Number         0  usenofp.o(x$fpl$usenofp)
    Region$$Table$$Base                      0x08004484   Number         0  anon$$obj.o(Region$$Table)
    Region$$Table$$Limit                     0x080044a4   Number         0  anon$$obj.o(Region$$Table)
    First_Int                                0x20000000   Data           1  main.o(.data)
    UART1_First_Int                          0x20000001   Data           1  main.o(.data)
    GetTemp                                  0x20000002   Data           4  main.o(.data)
    Gethumi                                  0x20000006   Data           4  main.o(.data)
    gTimingDelay                             0x2000001c   Data           4  systick.o(.data)
    SystemCoreClock                          0x20000038   Data           4  system_stm32f10x.o(.data)
    AHBPrescTable                            0x2000003c   Data          16  system_stm32f10x.o(.data)
    Uart2_Buf                                0x2000004c   Data          70  main.o(.bss)
    Uart1_Buf                                0x20000092   Data          70  main.o(.bss)
    data_from_uart1                          0x200000d8   Data          20  main.o(.bss)
    error_result                             0x200000ec   Data          20  main.o(.bss)
    __libspace_start                         0x20000100   Data          96  libspace.o(.bss)
    __temporary_stack_top$libspace           0x20000160   Data           0  libspace.o(.bss)



==============================================================================

Memory Map of the image

  Image Entry point : 0x080000ed

  Load Region LR_IROM1 (Base: 0x08000000, Size: 0x0000450c, Max: 0x00010000, ABSOLUTE)

    Execution Region ER_IROM1 (Base: 0x08000000, Size: 0x000044c0, Max: 0x00010000, ABSOLUTE)

    Base Addr    Size         Type   Attr      Idx    E Section Name        Object

    0x08000000   0x000000ec   Data   RO          306    RESET               startup_stm32f10x_md.o
    0x080000ec   0x00000008   Code   RO          367  * !!!main             c_w.l(__main.o)
    0x080000f4   0x00000034   Code   RO          602    !!!scatter          c_w.l(__scatter.o)
    0x08000128   0x0000001a   Code   RO          604    !!handler_copy      c_w.l(__scatter_copy.o)
    0x08000142   0x00000002   PAD
    0x08000144   0x0000001c   Code   RO          606    !!handler_zi        c_w.l(__scatter_zi.o)
    0x08000160   0x00000000   Code   RO          360    .ARM.Collect$$_printf_percent$$00000000  c_w.l(_printf_percent.o)
    0x08000160   0x00000006   Code   RO          359    .ARM.Collect$$_printf_percent$$00000003  c_w.l(_printf_f.o)
    0x08000166   0x00000006   Code   RO          358    .ARM.Collect$$_printf_percent$$00000009  c_w.l(_printf_d.o)
    0x0800016c   0x00000006   Code   RO          357    .ARM.Collect$$_printf_percent$$00000014  c_w.l(_printf_s.o)
    0x08000172   0x00000004   Code   RO          398    .ARM.Collect$$_printf_percent$$00000017  c_w.l(_printf_percent_end.o)
    0x08000176   0x00000002   Code   RO          478    .ARM.Collect$$libinit$$00000000  c_w.l(libinit.o)
    0x08000178   0x00000000   Code   RO          480    .ARM.Collect$$libinit$$00000002  c_w.l(libinit2.o)
    0x08000178   0x00000000   Code   RO          483    .ARM.Collect$$libinit$$00000008  c_w.l(libinit2.o)
    0x08000178   0x00000000   Code   RO          485    .ARM.Collect$$libinit$$0000000A  c_w.l(libinit2.o)
    0x08000178   0x00000000   Code   RO          487    .ARM.Collect$$libinit$$0000000C  c_w.l(libinit2.o)
    0x08000178   0x00000006   Code   RO          488    .ARM.Collect$$libinit$$0000000D  c_w.l(libinit2.o)
    0x0800017e   0x00000000   Code   RO          490    .ARM.Collect$$libinit$$0000000F  c_w.l(libinit2.o)
    0x0800017e   0x00000000   Code   RO          492    .ARM.Collect$$libinit$$00000011  c_w.l(libinit2.o)
    0x0800017e   0x00000000   Code   RO          494    .ARM.Collect$$libinit$$00000013  c_w.l(libinit2.o)
    0x0800017e   0x0000000a   Code   RO          495    .ARM.Collect$$libinit$$00000014  c_w.l(libinit2.o)
    0x08000188   0x00000000   Code   RO          496    .ARM.Collect$$libinit$$00000015  c_w.l(libinit2.o)
    0x08000188   0x00000000   Code   RO          498    .ARM.Collect$$libinit$$00000017  c_w.l(libinit2.o)
    0x08000188   0x00000000   Code   RO          500    .ARM.Collect$$libinit$$00000019  c_w.l(libinit2.o)
    0x08000188   0x00000000   Code   RO          502    .ARM.Collect$$libinit$$0000001B  c_w.l(libinit2.o)
    0x08000188   0x00000000   Code   RO          504    .ARM.Collect$$libinit$$0000001D  c_w.l(libinit2.o)
    0x08000188   0x00000000   Code   RO          506    .ARM.Collect$$libinit$$0000001F  c_w.l(libinit2.o)
    0x08000188   0x00000000   Code   RO          508    .ARM.Collect$$libinit$$00000021  c_w.l(libinit2.o)
    0x08000188   0x00000000   Code   RO          510    .ARM.Collect$$libinit$$00000023  c_w.l(libinit2.o)
    0x08000188   0x00000000   Code   RO          514    .ARM.Collect$$libinit$$0000002A  c_w.l(libinit2.o)
    0x08000188   0x00000000   Code   RO          516    .ARM.Collect$$libinit$$0000002C  c_w.l(libinit2.o)
    0x08000188   0x00000000   Code   RO          518    .ARM.Collect$$libinit$$0000002E  c_w.l(libinit2.o)
    0x08000188   0x00000000   Code   RO          520    .ARM.Collect$$libinit$$00000030  c_w.l(libinit2.o)
    0x08000188   0x00000002   Code   RO          521    .ARM.Collect$$libinit$$00000031  c_w.l(libinit2.o)
    0x0800018a   0x00000002   Code   RO          551    .ARM.Collect$$libshutdown$$00000000  c_w.l(libshutdown.o)
    0x0800018c   0x00000000   Code   RO          563    .ARM.Collect$$libshutdown$$00000003  c_w.l(libshutdown2.o)
    0x0800018c   0x00000000   Code   RO          566    .ARM.Collect$$libshutdown$$00000006  c_w.l(libshutdown2.o)
    0x0800018c   0x00000000   Code   RO          569    .ARM.Collect$$libshutdown$$00000009  c_w.l(libshutdown2.o)
    0x0800018c   0x00000000   Code   RO          571    .ARM.Collect$$libshutdown$$0000000B  c_w.l(libshutdown2.o)
    0x0800018c   0x00000000   Code   RO          574    .ARM.Collect$$libshutdown$$0000000E  c_w.l(libshutdown2.o)
    0x0800018c   0x00000002   Code   RO          575    .ARM.Collect$$libshutdown$$0000000F  c_w.l(libshutdown2.o)
    0x0800018e   0x00000000   Code   RO          387    .ARM.Collect$$rtentry$$00000000  c_w.l(rtentry.o)
    0x0800018e   0x00000000   Code   RO          407    .ARM.Collect$$rtentry$$00000002  c_w.l(rtentry2.o)
    0x0800018e   0x00000006   Code   RO          419    .ARM.Collect$$rtentry$$00000004  c_w.l(rtentry4.o)
    0x08000194   0x00000000   Code   RO          409    .ARM.Collect$$rtentry$$00000009  c_w.l(rtentry2.o)
    0x08000194   0x00000004   Code   RO          410    .ARM.Collect$$rtentry$$0000000A  c_w.l(rtentry2.o)
    0x08000198   0x00000000   Code   RO          412    .ARM.Collect$$rtentry$$0000000C  c_w.l(rtentry2.o)
    0x08000198   0x00000008   Code   RO          413    .ARM.Collect$$rtentry$$0000000D  c_w.l(rtentry2.o)
    0x080001a0   0x00000002   Code   RO          522    .ARM.Collect$$rtexit$$00000000  c_w.l(rtexit.o)
    0x080001a2   0x00000000   Code   RO          529    .ARM.Collect$$rtexit$$00000002  c_w.l(rtexit2.o)
    0x080001a2   0x00000004   Code   RO          530    .ARM.Collect$$rtexit$$00000003  c_w.l(rtexit2.o)
    0x080001a6   0x00000006   Code   RO          531    .ARM.Collect$$rtexit$$00000004  c_w.l(rtexit2.o)
    0x080001ac   0x00000484   Code   RO            1    .text               main.o
    0x08000630   0x00000020   Code   RO           83    .text               stm32f10x_it.o
    0x08000650   0x00000240   Code   RO           98    .text               usart.o
    0x08000890   0x00000144   Code   RO          113    .text               key.o
    0x080009d4   0x00000104   Code   RO          125    .text               led.o
    0x08000ad8   0x00000104   Code   RO          137    .text               systick.o
    0x08000bdc   0x0000005c   Code   RO          156    .text               timer.o
    0x08000c38   0x00000164   Code   RO          169    .text               dht11.o
    0x08000d9c   0x0000008c   Code   RO          181    .text               time_delay.o
    0x08000e28   0x000000dc   Code   RO          201    .text               misc.o
    0x08000f04   0x0000035c   Code   RO          225    .text               stm32f10x_gpio.o
    0x08001260   0x000003a4   Code   RO          237    .text               stm32f10x_rcc.o
    0x08001604   0x00000e1a   Code   RO          251    .text               stm32f10x_tim.o
    0x0800241e   0x00000002   PAD
    0x08002420   0x00000408   Code   RO          263    .text               stm32f10x_usart.o
    0x08002828   0x000001e0   Code   RO          286    .text               system_stm32f10x.o
    0x08002a08   0x00000040   Code   RO          307    .text               startup_stm32f10x_md.o
    0x08002a48   0x00000028   Code   RO          327    .text               c_w.l(noretval__2sprintf.o)
    0x08002a70   0x0000004e   Code   RO          331    .text               c_w.l(_printf_pad.o)
    0x08002abe   0x00000052   Code   RO          333    .text               c_w.l(_printf_str.o)
    0x08002b10   0x00000074   Code   RO          335    .text               c_w.l(_printf_dec.o)
    0x08002b84   0x0000010e   Code   RO          345    .text               c_w.l(__printf_wp.o)
    0x08002c92   0x00000024   Code   RO          361    .text               c_w.l(strstr.o)
    0x08002cb6   0x00000044   Code   RO          363    .text               c_w.l(rt_memclr.o)
    0x08002cfa   0x00000006   Code   RO          365    .text               c_w.l(heapauxi.o)
    0x08002d00   0x000000b2   Code   RO          388    .text               c_w.l(_printf_intcommon.o)
    0x08002db2   0x00000416   Code   RO          390    .text               c_w.l(_printf_fp_dec.o)
    0x080031c8   0x00000030   Code   RO          392    .text               c_w.l(_printf_char_common.o)
    0x080031f8   0x0000000a   Code   RO          394    .text               c_w.l(_sputc.o)
    0x08003202   0x0000002c   Code   RO          396    .text               c_w.l(_printf_char.o)
    0x0800322e   0x0000004e   Code   RO          399    .text               c_w.l(rt_memclr_w.o)
    0x0800327c   0x00000008   Code   RO          424    .text               c_w.l(rt_locale_intlibspace.o)
    0x08003284   0x0000008a   Code   RO          426    .text               c_w.l(lludiv10.o)
    0x0800330e   0x00000002   PAD
    0x08003310   0x00000080   Code   RO          428    .text               c_w.l(_printf_fp_infnan.o)
    0x08003390   0x000000d8   Code   RO          432    .text               c_w.l(bigflt0.o)
    0x08003468   0x00000008   Code   RO          464    .text               c_w.l(libspace.o)
    0x08003470   0x0000004a   Code   RO          467    .text               c_w.l(sys_stackheap_outer.o)
    0x080034ba   0x0000000c   Code   RO          469    .text               c_w.l(exit.o)
    0x080034c6   0x00000002   PAD
    0x080034c8   0x00000080   Code   RO          471    .text               c_w.l(strcmpv7m.o)
    0x08003548   0x0000000c   Code   RO          541    .text               c_w.l(sys_exit.o)
    0x08003554   0x00000002   Code   RO          552    .text               c_w.l(use_no_semi.o)
    0x08003556   0x00000000   Code   RO          554    .text               c_w.l(indicate_semi.o)
    0x08003556   0x0000003e   Code   RO          435    CL$$btod_d2e        c_w.l(btod.o)
    0x08003594   0x00000046   Code   RO          437    CL$$btod_d2e_denorm_low  c_w.l(btod.o)
    0x080035da   0x00000060   Code   RO          436    CL$$btod_d2e_norm_op1  c_w.l(btod.o)
    0x0800363a   0x00000338   Code   RO          445    CL$$btod_div_common  c_w.l(btod.o)
    0x08003972   0x000000c6   Code   RO          442    CL$$btod_e2e        c_w.l(btod.o)
    0x08003a38   0x00000028   Code   RO          439    CL$$btod_ediv       c_w.l(btod.o)
    0x08003a60   0x00000028   Code   RO          438    CL$$btod_emul       c_w.l(btod.o)
    0x08003a88   0x00000244   Code   RO          444    CL$$btod_mult_common  c_w.l(btod.o)
    0x08003ccc   0x00000028   Code   RO          462    i.__ARM_fpclassify  m_ws.l(fpclassify.o)
    0x08003cf4   0x0000000e   Code   RO          347    i._is_digit         c_w.l(__printf_wp.o)
    0x08003d02   0x00000002   PAD
    0x08003d04   0x0000002c   Code   RO          458    locale$$code        c_w.l(lc_numeric_c.o)
    0x08003d30   0x00000150   Code   RO          369    x$fpl$dadd          fz_ws.l(daddsub_clz.o)
    0x08003e80   0x000002b0   Code   RO          376    x$fpl$ddiv          fz_ws.l(ddiv.o)
    0x08004130   0x00000026   Code   RO          379    x$fpl$dfltu         fz_ws.l(dflt_clz.o)
    0x08004156   0x0000009c   Code   RO          401    x$fpl$dnaninf       fz_ws.l(dnaninf.o)
    0x080041f2   0x0000000c   Code   RO          403    x$fpl$dretinf       fz_ws.l(dretinf.o)
    0x080041fe   0x00000002   PAD
    0x08004200   0x000001d4   Code   RO          371    x$fpl$dsub          fz_ws.l(daddsub_clz.o)
    0x080043d4   0x00000004   Code   RO          385    x$fpl$printf1       fz_ws.l(printf1.o)
    0x080043d8   0x00000000   Code   RO          405    x$fpl$usenofp       fz_ws.l(usenofp.o)
    0x080043d8   0x00000094   Data   RO          433    .constdata          c_w.l(bigflt0.o)
    0x0800446c   0x00000016   Data   RO            3    .conststring        main.o
    0x08004482   0x00000002   PAD
    0x08004484   0x00000020   Data   RO          600    Region$$Table       anon$$obj.o
    0x080044a4   0x0000001c   Data   RO          457    locale$$data        c_w.l(lc_numeric_c.o)


    Execution Region RW_IRAM1 (Base: 0x20000000, Size: 0x00000760, Max: 0x00005000, ABSOLUTE)

    Base Addr    Size         Type   Attr      Idx    E Section Name        Object

    0x20000000   0x00000011   Data   RW            4    .data               main.o
    0x20000011   0x00000003   PAD
    0x20000014   0x0000000c   Data   RW          138    .data               systick.o
    0x20000020   0x00000004   Data   RW          182    .data               time_delay.o
    0x20000024   0x00000014   Data   RW          238    .data               stm32f10x_rcc.o
    0x20000038   0x00000014   Data   RW          287    .data               system_stm32f10x.o
    0x2000004c   0x000000b4   Zero   RW            2    .bss                main.o
    0x20000100   0x00000060   Zero   RW          465    .bss                c_w.l(libspace.o)
    0x20000160   0x00000200   Zero   RW          305    HEAP                startup_stm32f10x_md.o
    0x20000360   0x00000400   Zero   RW          304    STACK               startup_stm32f10x_md.o


==============================================================================

Image component sizes


      Code (inc. data)   RO Data    RW Data    ZI Data      Debug   Object Name

         0          0          0          0          0         32   core_cm3.o
       356          4          0          0          0       2454   dht11.o
       324          4          0          0          0       1667   key.o
       260          4          0          0          0       2340   led.o
      1156        214         22         17        180     256869   main.o
       220         22          0          0          0       2001   misc.o
        64         26        236          0       1536        888   startup_stm32f10x_md.o
       860         38          0          0          0       5845   stm32f10x_gpio.o
        32          0          0          0          0       1398   stm32f10x_it.o
       932         36          0         20          0       9136   stm32f10x_rcc.o
      3610         88          0          0          0      22332   stm32f10x_tim.o
      1032         22          0          0          0       8572   stm32f10x_usart.o
       480         38          0         20          0       2183   system_stm32f10x.o
       260         20          0         12          0      17514   systick.o
       140         18          0          4          0       1110   time_delay.o
        92          0          0          0          0        693   timer.o
       576         18          0          0          0       2744   usart.o

    ----------------------------------------------------------------------
     10396        552        292         76       1716     337778   Object Totals
         0          0         32          0          0          0   (incl. Generated)
         2          0          2          3          0          0   (incl. Padding)

    ----------------------------------------------------------------------

      Code (inc. data)   RO Data    RW Data    ZI Data      Debug   Library Member Name

         8          0          0          0          0         68   __main.o
       284          0          0          0          0        156   __printf_wp.o
        52          8          0          0          0          0   __scatter.o
        26          0          0          0          0          0   __scatter_copy.o
        28          0          0          0          0          0   __scatter_zi.o
        44          0          0          0          0        108   _printf_char.o
        48          6          0          0          0         96   _printf_char_common.o
         6          0          0          0          0          0   _printf_d.o
       116         16          0          0          0         92   _printf_dec.o
         6          0          0          0          0          0   _printf_f.o
      1046          0          0          0          0        216   _printf_fp_dec.o
       128         16          0          0          0         84   _printf_fp_infnan.o
       178          0          0          0          0         88   _printf_intcommon.o
        78          0          0          0          0        108   _printf_pad.o
         0          0          0          0          0          0   _printf_percent.o
         4          0          0          0          0          0   _printf_percent_end.o
         6          0          0          0          0          0   _printf_s.o
        82          0          0          0          0         80   _printf_str.o
        10          0          0          0          0         68   _sputc.o
       216          4        148          0          0         96   bigflt0.o
      1910        128          0          0          0        672   btod.o
        12          0          0          0          0         72   exit.o
         6          0          0          0          0        152   heapauxi.o
         0          0          0          0          0          0   indicate_semi.o
        44         10         28          0          0         76   lc_numeric_c.o
         2          0          0          0          0          0   libinit.o
        18          0          0          0          0          0   libinit2.o
         2          0          0          0          0          0   libshutdown.o
         2          0          0          0          0          0   libshutdown2.o
         8          4          0          0         96         68   libspace.o
       138          0          0          0          0         80   lludiv10.o
        40          6          0          0          0         84   noretval__2sprintf.o
         8          4          0          0          0         68   rt_locale_intlibspace.o
        68          0          0          0          0         68   rt_memclr.o
        78          0          0          0          0         80   rt_memclr_w.o
         0          0          0          0          0          0   rtentry.o
        12          0          0          0          0          0   rtentry2.o
         6          0          0          0          0          0   rtentry4.o
         2          0          0          0          0          0   rtexit.o
        10          0          0          0          0          0   rtexit2.o
       128          0          0          0          0         68   strcmpv7m.o
        36          0          0          0          0         80   strstr.o
        12          4          0          0          0         68   sys_exit.o
        74          0          0          0          0         80   sys_stackheap_outer.o
         2          0          0          0          0         68   use_no_semi.o
       804         16          0          0          0        272   daddsub_clz.o
       688        140          0          0          0        208   ddiv.o
        38          0          0          0          0         68   dflt_clz.o
       156          4          0          0          0         92   dnaninf.o
        12          0          0          0          0         68   dretinf.o
         4          0          0          0          0         68   printf1.o
         0          0          0          0          0          0   usenofp.o
        40          0          0          0          0         68   fpclassify.o

    ----------------------------------------------------------------------
      6736        366        176          0         96       3888   Library Totals
        10          0          0          0          0          0   (incl. Padding)

    ----------------------------------------------------------------------

      Code (inc. data)   RO Data    RW Data    ZI Data      Debug   Library Name

      4984        206        176          0         96       3044   c_w.l
      1702        160          0          0          0        776   fz_ws.l
        40          0          0          0          0         68   m_ws.l

    ----------------------------------------------------------------------
      6736        366        176          0         96       3888   Library Totals

    ----------------------------------------------------------------------

==============================================================================


      Code (inc. data)   RO Data    RW Data    ZI Data      Debug   

     17132        918        468         76       1812     338282   Grand Totals
     17132        918        468         76       1812     338282   ELF Image Totals
     17132        918        468         76          0          0   ROM Totals

==============================================================================

    Total RO  Size (Code + RO Data)                17600 (  17.19kB)
    Total RW  Size (RW Data + ZI Data)              1888 (   1.84kB)
    Total ROM Size (Code + RO Data + RW Data)      17676 (  17.26kB)

==============================================================================

